Archive member included to satisfy reference by file (symbol)

../app/libapp.a(led.c.obj)    (--whole-archive)
../app/libapp.a(syscall.c.obj)
                              (--whole-archive)
../app/libapp.a(main.c.obj)   (--whole-archive)
../app/libapp.a(utilities.c.obj)
                              (--whole-archive)
libzephyr.a(crc32_sw.c.obj)   (--whole-archive)
libzephyr.a(crc16_sw.c.obj)   (--whole-archive)
libzephyr.a(crc8_sw.c.obj)    (--whole-archive)
libzephyr.a(crc7_sw.c.obj)    (--whole-archive)
libzephyr.a(dec.c.obj)        (--whole-archive)
libzephyr.a(fdtable.c.obj)    (--whole-archive)
libzephyr.a(hex.c.obj)        (--whole-archive)
libzephyr.a(mempool.c.obj)    (--whole-archive)
libzephyr.a(notify.c.obj)     (--whole-archive)
libzephyr.a(printk.c.obj)     (--whole-archive)
libzephyr.a(onoff.c.obj)      (--whole-archive)
libzephyr.a(rb.c.obj)         (--whole-archive)
libzephyr.a(sem.c.obj)        (--whole-archive)
libzephyr.a(thread_entry.c.obj)
                              (--whole-archive)
libzephyr.a(timeutil.c.obj)   (--whole-archive)
libzephyr.a(work_q.c.obj)     (--whole-archive)
libzephyr.a(heap.c.obj)       (--whole-archive)
libzephyr.a(heap-validate.c.obj)
                              (--whole-archive)
libzephyr.a(mutex.c.obj)      (--whole-archive)
libzephyr.a(configs.c.obj)    (--whole-archive)
libzephyr.a(validate_base_addresses.c.obj)
                              (--whole-archive)
libzephyr.a(validate_enabled_instances.c.obj)
                              (--whole-archive)
libzephyr.a(log_list.c.obj)   (--whole-archive)
libzephyr.a(log_core.c.obj)   (--whole-archive)
libzephyr.a(log_msg.c.obj)    (--whole-archive)
libzephyr.a(log_output.c.obj)
                              (--whole-archive)
libzephyr.a(log_backend_uart.c.obj)
                              (--whole-archive)
libzephyr.a(log_backend_rtt.c.obj)
                              (--whole-archive)
libzephyr.a(power.c.obj)      (--whole-archive)
libzephyr.a(policy_residency.c.obj)
                              (--whole-archive)
libzephyr.a(uart_console.c.obj)
                              (--whole-archive)
libzephyr.a(nrf_power_clock.c.obj)
                              (--whole-archive)
libzephyr.a(sys_clock_init.c.obj)
                              (--whole-archive)
libzephyr.a(nrf_rtc_timer.c.obj)
                              (--whole-archive)
libzephyr.a(SEGGER_RTT.c.obj)
                              (--whole-archive)
libzephyr.a(SEGGER_RTT_zephyr.c.obj)
                              (--whole-archive)
arch/common/libarch__common.a(isr_tables.c.obj)
                              (--whole-archive)
arch/common/libarch__common.a(sw_isr_common.c.obj)
                              (--whole-archive)
arch/arch/arm/core/aarch32/libarch__arm__core__aarch32.a(swap.c.obj)
                              (--whole-archive)
arch/arch/arm/core/aarch32/libarch__arm__core__aarch32.a(swap_helper.S.obj)
                              (--whole-archive)
arch/arch/arm/core/aarch32/libarch__arm__core__aarch32.a(irq_manage.c.obj)
                              (--whole-archive)
arch/arch/arm/core/aarch32/libarch__arm__core__aarch32.a(thread.c.obj)
                              (--whole-archive)
arch/arch/arm/core/aarch32/libarch__arm__core__aarch32.a(cpu_idle.S.obj)
                              (--whole-archive)
arch/arch/arm/core/aarch32/libarch__arm__core__aarch32.a(fatal.c.obj)
                              (--whole-archive)
arch/arch/arm/core/aarch32/libarch__arm__core__aarch32.a(nmi.c.obj)
                              (--whole-archive)
arch/arch/arm/core/aarch32/libarch__arm__core__aarch32.a(nmi_on_reset.S.obj)
                              (--whole-archive)
arch/arch/arm/core/aarch32/libarch__arm__core__aarch32.a(prep_c.c.obj)
                              (--whole-archive)
arch/arch/arm/core/aarch32/libarch__arm__core__aarch32.a(isr_wrapper.S.obj)
                              (--whole-archive)
arch/arch/arm/core/aarch32/libarch__arm__core__aarch32.a(userspace.S.obj)
                              (--whole-archive)
arch/arch/arm/core/aarch32/cortex_m/libarch__arm__core__aarch32__cortex_m.a(vector_table.S.obj)
                              (--whole-archive)
arch/arch/arm/core/aarch32/cortex_m/libarch__arm__core__aarch32__cortex_m.a(reset.S.obj)
                              (--whole-archive)
arch/arch/arm/core/aarch32/cortex_m/libarch__arm__core__aarch32__cortex_m.a(fault_s.S.obj)
                              (--whole-archive)
arch/arch/arm/core/aarch32/cortex_m/libarch__arm__core__aarch32__cortex_m.a(fault.c.obj)
                              (--whole-archive)
arch/arch/arm/core/aarch32/cortex_m/libarch__arm__core__aarch32__cortex_m.a(exc_exit.S.obj)
                              (--whole-archive)
arch/arch/arm/core/aarch32/cortex_m/libarch__arm__core__aarch32__cortex_m.a(scb.c.obj)
                              (--whole-archive)
arch/arch/arm/core/aarch32/cortex_m/libarch__arm__core__aarch32__cortex_m.a(irq_init.c.obj)
[...]
Memory Configuration

Name             Origin             Length             Attributes
FLASH            0x0000000000000000 0x0000000000100000 xr
SRAM             0x0000000020000000 0x0000000000040000 xw
IDT_LIST         0x0000000020040000 0x0000000000000800 xw
*default*        0x0000000000000000 0xffffffffffffffff

Linker script and memory map

LOAD CMakeFiles/app_smem_unaligned_prebuilt.dir/misc/empty_file.c.obj
                0x0000000000000020                _region_min_align = 0x20

.rel.plt        0x0000000000000000        0x0
 *(SORT_BY_ALIGNMENT(.rel.plt))
                [!provide]                        PROVIDE (__rel_iplt_start = .)
 *(SORT_BY_ALIGNMENT(.rel.iplt))
 .rel.iplt      0x0000000000000000        0x0 ../app/libapp.a(led.c.obj)
                [!provide]                        PROVIDE (__rel_iplt_end = .)

.rela.plt       0x0000000000000000        0x0
 *(SORT_BY_ALIGNMENT(.rela.plt))
                [!provide]                        PROVIDE (__rela_iplt_start = .)
 *(SORT_BY_ALIGNMENT(.rela.iplt))
                [!provide]                        PROVIDE (__rela_iplt_end = .)

.rel.dyn
 *(SORT_BY_ALIGNMENT(.rel.*))

.rela.dyn
 *(SORT_BY_ALIGNMENT(.rela.*))

/DISCARD/
 *(SORT_BY_ALIGNMENT(.plt))
 *(SORT_BY_ALIGNMENT(.iplt))
 *(SORT_BY_ALIGNMENT(.got.plt))
 *(SORT_BY_ALIGNMENT(.igot.plt))
 *(SORT_BY_ALIGNMENT(.got))
 *(SORT_BY_ALIGNMENT(.igot))
 *(SORT_BY_ALIGNMENT(.note.GNU-stack))
                0x0000000000000000                _image_rom_start = 0x0

rom_start       0x0000000000000000      0x100
                0x0000000000000000                . = 0x0
                0x0000000000000000                . = ALIGN (0x4)
                0x0000000000000000                _vector_start = .
 *(SORT_BY_ALIGNMENT(.exc_vector_table))
 *(SORT_BY_ALIGNMENT(.exc_vector_table.*))
 .exc_vector_table._vector_table_section
                0x0000000000000000       0x40 arch/arch/arm/core/aarch32/cortex_m/libarch__arm__core__aarch32__cortex_m.a(vector_table.S.obj)
                0x0000000000000000                _vector_table
 *(SORT_BY_ALIGNMENT(.gnu.linkonce.irq_vector_table))
 .gnu.linkonce.irq_vector_table
                0x0000000000000040       0xc0 arch/common/libarch__common.a(isr_tables.c.obj)
                0x0000000000000040                _irq_vector_table
 *(SORT_BY_ALIGNMENT(.vectors))
                0x0000000000000100                _vector_end = .
 *(SORT_BY_ALIGNMENT(.openocd_dbg))
 *(SORT_BY_ALIGNMENT(.openocd_dbg.*))

text            0x0000000000000100     0x9a58
                0x0000000000000100                _image_text_start = .
                0x0000000000000100                _kobject_text_area_start = .
 *(SORT_BY_ALIGNMENT(.kobject_data.text*))
                0x0000000000000100                _kobject_text_area_end = .
                0x0000000000000100                _kobject_text_area_used = (_kobject_text_area_end - _kobject_text_area_start)
                0x0000000000000100                PROVIDE (z_object_find = .)
                0x0000000000000100                PROVIDE (z_object_wordlist_foreach = .)
                0x0000000000000200                . = MAX (., (_kobject_text_area_start + 0x100))
 *fill*         0x0000000000000100      0x100 
                0x0000000000000001                ASSERT ((0x100 >= _kobject_text_area_used), The configuration system has incorrectly set
'CONFIG_KOBJECT_TEXT_AREA' to
256, which is not big enough. You must
through Kconfig either disable 'CONFIG_USERSPACE', or set
'CONFIG_KOBJECT_TEXT_AREA' to a value larger than
256 .)
 *(SORT_BY_ALIGNMENT(.text))
 .text          0x0000000000000200       0x30 /home/rgujju/zephyr-sdk/arm-zephyr-eabi/bin/../lib/gcc/arm-zephyr-eabi/9.2.0/thumb/v7e-m/nofp/libgcc.a(_aeabi_uldivmod.o)
                0x0000000000000200                __aeabi_uldivmod
 .text          0x0000000000000230      0x2c4 /home/rgujju/zephyr-sdk/arm-zephyr-eabi/bin/../lib/gcc/arm-zephyr-eabi/9.2.0/thumb/v7e-m/nofp/libgcc.a(_udivmoddi4.o)
                0x0000000000000230                __udivmoddi4
 .text          0x00000000000004f4        0x4 /home/rgujju/zephyr-sdk/arm-zephyr-eabi/bin/../lib/gcc/arm-zephyr-eabi/9.2.0/thumb/v7e-m/nofp/libgcc.a(_dvmd_tls.o)
                0x00000000000004f4                __aeabi_ldiv0
                0x00000000000004f4                __aeabi_idiv0
 *(SORT_BY_ALIGNMENT(.text.*))
 .text.initLeds
                0x00000000000004f8       0x44 ../app/libapp.a(led.c.obj)
                0x00000000000004f8                initLeds
 .text.z_impl_SetLed
                0x000000000000053c       0x70 ../app/libapp.a(led.c.obj)
                0x000000000000053c                z_impl_SetLed
 .text.z_mrsh_SetLed
                0x00000000000005ac       0x18 ../app/libapp.a(led.c.obj)
                0x00000000000005ac                z_mrsh_SetLed
 .text.main     0x00000000000005c4       0x8c ../app/libapp.a(main.c.obj)
                0x00000000000005c4                main
 .text.char_out
                0x0000000000000650       0x10 libzephyr.a(printk.c.obj)
 .text._printk_dec_ulong
                0x0000000000000660       0xa0 libzephyr.a(printk.c.obj)
 .text.__printk_hook_install
                0x0000000000000700        0xc libzephyr.a(printk.c.obj)
                0x0000000000000700                __printk_hook_install
 .text.z_vprintk
                0x000000000000070c      0x328 libzephyr.a(printk.c.obj)
                0x000000000000070c                z_vprintk
 .text.z_impl_k_str_out
                0x0000000000000a34       0x1c libzephyr.a(printk.c.obj)
                0x0000000000000a34                z_impl_k_str_out
 .text.vprintk  0x0000000000000a50       0x4c libzephyr.a(printk.c.obj)
                0x0000000000000a50                vprintk
 .text.z_mrsh_k_str_out
                0x0000000000000a9c       0x88 libzephyr.a(printk.c.obj)
                0x0000000000000a9c                z_mrsh_k_str_out
 .text.vsnprintk
                0x0000000000000b24       0x28 libzephyr.a(printk.c.obj)
                0x0000000000000b24                vsnprintk
 .text.check_sys_mutex_addr
                0x0000000000000b4c       0x70 libzephyr.a(mutex.c.obj)
 .text.z_mrsh_z_sys_mutex_kernel_lock
                0x0000000000000bbc       0x30 libzephyr.a(mutex.c.obj)
                0x0000000000000bbc                z_mrsh_z_sys_mutex_kernel_lock
 .text.z_impl_z_sys_mutex_kernel_unlock
                0x0000000000000bec       0x4c libzephyr.a(mutex.c.obj)
                0x0000000000000bec                z_impl_z_sys_mutex_kernel_unlock
 .text.z_mrsh_z_sys_mutex_kernel_unlock
                0x0000000000000c38       0x28 libzephyr.a(mutex.c.obj)
                0x0000000000000c38                z_mrsh_z_sys_mutex_kernel_unlock
 .text.enable_logger
                0x0000000000000c60       0x90 libzephyr.a(log_core.c.obj)
 .text.k_sem_give.constprop.0
                0x0000000000000cf0       0x24 libzephyr.a(log_core.c.obj)
 .text.log_core_init
                0x0000000000000d14       0x40 libzephyr.a(log_core.c.obj)
                0x0000000000000d14                log_core_init
 .text.dropped_notify
                0x0000000000000d54       0x4c libzephyr.a(log_core.c.obj)
                0x0000000000000d54                dropped_notify
 .text.z_mrsh_log_buffered_cnt
                0x0000000000000da0       0x18 libzephyr.a(log_core.c.obj)
                0x0000000000000da0                z_mrsh_log_buffered_cnt
 .text.log_dropped
                0x0000000000000db8       0x20 libzephyr.a(log_core.c.obj)
                0x0000000000000db8                log_dropped
 .text.log_source_name_get
                0x0000000000000dd8       0x1c libzephyr.a(log_core.c.obj)
                0x0000000000000dd8                log_source_name_get
 .text.log_backend_enable
                0x0000000000000df4       0x30 libzephyr.a(log_core.c.obj)
                0x0000000000000df4                log_backend_enable
 .text.log_init
                0x0000000000000e24       0x54 libzephyr.a(log_core.c.obj)
                0x0000000000000e24                log_init
 .text.log_strdup
                0x0000000000000e78       0x74 libzephyr.a(log_core.c.obj)
                0x0000000000000e78                log_strdup
 .text.log_is_strdup
                0x0000000000000eec       0x1c libzephyr.a(log_core.c.obj)
                0x0000000000000eec                log_is_strdup
 .text.log_free
                0x0000000000000f08       0x34 libzephyr.a(log_core.c.obj)
                0x0000000000000f08                log_free
 .text.z_impl_log_process
                0x0000000000000f3c      0x18c libzephyr.a(log_core.c.obj)
                0x0000000000000f3c                z_impl_log_process
 .text.z_mrsh_log_process
                0x00000000000010c8       0x1c libzephyr.a(log_core.c.obj)
                0x00000000000010c8                z_mrsh_log_process
 .text.log_process_thread_func
                0x00000000000010e4       0x64 libzephyr.a(log_core.c.obj)
 .text.z_impl_log_panic
                0x0000000000001148       0x48 libzephyr.a(log_core.c.obj)
                0x0000000000001148                z_impl_log_panic
 .text.z_mrsh_log_panic
                0x0000000000001190       0x18 libzephyr.a(log_core.c.obj)
                0x0000000000001190                z_mrsh_log_panic
 .text.msg_finalize
                0x00000000000011a8       0xe8 libzephyr.a(log_core.c.obj)
 .text.z_vrfy_log_filter_set
                0x0000000000001290       0xdc libzephyr.a(log_core.c.obj)
                0x0000000000001290                z_vrfy_log_filter_set
 .text.z_mrsh_log_filter_set
                0x000000000000136c       0x14 libzephyr.a(log_core.c.obj)
                0x000000000000136c                z_mrsh_log_filter_set
 .text.z_vrfy_z_log_string_from_user
                0x0000000000001380      0x168 libzephyr.a(log_core.c.obj)
                0x0000000000001380                z_vrfy_z_log_string_from_user
 .text.z_mrsh_z_log_string_from_user
                0x00000000000014e8       0x18 libzephyr.a(log_core.c.obj)
                0x00000000000014e8                z_mrsh_z_log_string_from_user
 .text.z_vrfy_z_log_hexdump_from_user
                0x0000000000001500      0x1b8 libzephyr.a(log_core.c.obj)
                0x0000000000001500                z_vrfy_z_log_hexdump_from_user
 .text.z_mrsh_z_log_hexdump_from_user
                0x00000000000016b8       0x18 libzephyr.a(log_core.c.obj)
                0x00000000000016b8                z_mrsh_z_log_hexdump_from_user
 .text.log_msg_pool_init
                0x00000000000016d0       0x14 libzephyr.a(log_msg.c.obj)
                0x00000000000016d0                log_msg_pool_init
 .text.log_msg_no_space_handle
                0x00000000000016e4       0x5c libzephyr.a(log_msg.c.obj)
                0x00000000000016e4                log_msg_no_space_handle
 .text.log_msg_chunk_alloc
                0x0000000000001740       0x28 libzephyr.a(log_msg.c.obj)
                0x0000000000001740                log_msg_chunk_alloc
 .text.msg_free
                0x0000000000001768       0x98 libzephyr.a(log_msg.c.obj)
 .text.print_formatted
                0x0000000000001800       0x24 libzephyr.a(log_output.c.obj)
 .text.prefix_print
                0x0000000000001824      0x11c libzephyr.a(log_output.c.obj)
 .text.postfix_print
                0x0000000000001940       0x3c libzephyr.a(log_output.c.obj)
 .text.hexdump_line_print
                0x000000000000197c       0xdc libzephyr.a(log_output.c.obj)
 .text.log_output_msg_process
                0x0000000000001a58       0xf4 libzephyr.a(log_output.c.obj)
                0x0000000000001a58                log_output_msg_process
 .text.log_output_dropped_process
                0x0000000000001b4c       0x54 libzephyr.a(log_output.c.obj)
                0x0000000000001b4c                log_output_dropped_process
 .text.log_output_timestamp_freq_set
                0x0000000000001ba0       0x30 libzephyr.a(log_output.c.obj)
                0x0000000000001ba0                log_output_timestamp_freq_set
 .text.panic    0x0000000000001bd0        0xc libzephyr.a(log_backend_uart.c.obj)
 .text.dropped  0x0000000000001bdc        0xc libzephyr.a(log_backend_uart.c.obj)
 .text.put      0x0000000000001be8       0x24 libzephyr.a(log_backend_uart.c.obj)
 .text.log_backend_uart_init
                0x0000000000001c0c       0x30 libzephyr.a(log_backend_uart.c.obj)
 .text.log_backend_rtt_init
                0x0000000000001c3c        0xc libzephyr.a(log_backend_rtt.c.obj)
 .text.panic    0x0000000000001c48       0x14 libzephyr.a(log_backend_rtt.c.obj)
 .text.dropped  0x0000000000001c5c        0xc libzephyr.a(log_backend_rtt.c.obj)
 .text.put      0x0000000000001c68       0x24 libzephyr.a(log_backend_rtt.c.obj)
 .text.on_failed_write.part.0
                0x0000000000001c8c       0x48 libzephyr.a(log_backend_rtt.c.obj)
 .text.data_out_block_mode
                0x0000000000001cd4       0xc0 libzephyr.a(log_backend_rtt.c.obj)
 .text.console_out
                0x0000000000001d94       0x24 libzephyr.a(uart_console.c.obj)
 .text.uart_console_init
                0x0000000000001db8       0x44 libzephyr.a(uart_console.c.obj)
 .text.clkstarted_handle.constprop.0
                0x0000000000001dfc       0x54 libzephyr.a(nrf_power_clock.c.obj)
 .text.nrf_power_clock_isr
                0x0000000000001e50       0x64 libzephyr.a(nrf_power_clock.c.obj)
                0x0000000000001e50                nrf_power_clock_isr
 .text.handle_next_tick_case
                0x0000000000001eb4       0x28 libzephyr.a(nrf_rtc_timer.c.obj)
 .text.event_clear
                0x0000000000001edc       0x18 libzephyr.a(nrf_rtc_timer.c.obj)
 .text.rtc_nrf_isr
                0x0000000000001ef4       0x2c libzephyr.a(nrf_rtc_timer.c.obj)
                0x0000000000001ef4                rtc_nrf_isr
 .text.z_clock_driver_init
                0x0000000000001f20       0x7c libzephyr.a(nrf_rtc_timer.c.obj)
                0x0000000000001f20                z_clock_driver_init
 .text.z_clock_set_timeout
                0x0000000000001f9c       0xd8 libzephyr.a(nrf_rtc_timer.c.obj)
                0x0000000000001f9c                z_clock_set_timeout
 .text.z_clock_elapsed
                0x0000000000002074       0x34 libzephyr.a(nrf_rtc_timer.c.obj)
                0x0000000000002074                z_clock_elapsed
 .text.z_timer_cycle_get_32
                0x00000000000020a8       0x34 libzephyr.a(nrf_rtc_timer.c.obj)
                0x00000000000020a8                z_timer_cycle_get_32
 .text._DoInit  0x00000000000020dc       0x60 libzephyr.a(SEGGER_RTT.c.obj)
 .text.SEGGER_RTT_WriteSkipNoLock
                0x000000000000213c       0x98 libzephyr.a(SEGGER_RTT.c.obj)
                0x000000000000213c                SEGGER_RTT_WriteSkipNoLock
 .text.SEGGER_RTT_HasDataUp
                0x00000000000021d4       0x14 libzephyr.a(SEGGER_RTT.c.obj)
                0x00000000000021d4                SEGGER_RTT_HasDataUp
 .text.arch_swap
                0x00000000000021e8       0x38 arch/arch/arm/core/aarch32/libarch__arm__core__aarch32.a(swap.c.obj)
                0x00000000000021e8                arch_swap
 .text.z_arm_pendsv
                0x0000000000002220       0x70 arch/arch/arm/core/aarch32/libarch__arm__core__aarch32.a(swap_helper.S.obj)
                0x0000000000002220                z_arm_pendsv
 .text.z_arm_svc
                0x0000000000002290       0x70 arch/arch/arm/core/aarch32/libarch__arm__core__aarch32.a(swap_helper.S.obj)
                0x0000000000002290                z_arm_svc
 .text.arch_irq_enable
                0x0000000000002300       0x20 arch/arch/arm/core/aarch32/libarch__arm__core__aarch32.a(irq_manage.c.obj)
                0x0000000000002300                arch_irq_enable
 .text.z_arm_irq_priority_set
                0x0000000000002320       0x30 arch/arch/arm/core/aarch32/libarch__arm__core__aarch32.a(irq_manage.c.obj)
                0x0000000000002320                z_arm_irq_priority_set
 .text.arch_user_mode_enter
                0x0000000000002350       0x3c arch/arch/arm/core/aarch32/libarch__arm__core__aarch32.a(thread.c.obj)
                0x0000000000002350                arch_user_mode_enter
 .text.arch_new_thread
                0x000000000000238c       0x64 arch/arch/arm/core/aarch32/libarch__arm__core__aarch32.a(thread.c.obj)
                0x000000000000238c                arch_new_thread
 .text.z_check_thread_stack_fail
                0x00000000000023f0       0x7c arch/arch/arm/core/aarch32/libarch__arm__core__aarch32.a(thread.c.obj)
                0x00000000000023f0                z_check_thread_stack_fail
 .text.arch_switch_to_main_thread
                0x000000000000246c       0x40 arch/arch/arm/core/aarch32/libarch__arm__core__aarch32.a(thread.c.obj)
                0x000000000000246c                arch_switch_to_main_thread
 .text.z_arm_cpu_idle_init
                0x00000000000024ac        0xc arch/arch/arm/core/aarch32/libarch__arm__core__aarch32.a(cpu_idle.S.obj)
                0x00000000000024ac                z_arm_cpu_idle_init
 .text.arch_cpu_idle
                0x00000000000024b8       0x1c arch/arch/arm/core/aarch32/libarch__arm__core__aarch32.a(cpu_idle.S.obj)
                0x00000000000024b8                arch_cpu_idle
 .text.z_arm_fatal_error
                0x00000000000024d4       0xd0 arch/arch/arm/core/aarch32/libarch__arm__core__aarch32.a(fatal.c.obj)
                0x00000000000024d4                z_arm_fatal_error
 .text.z_SysNmiOnReset
                0x00000000000025a4        0x8 arch/arch/arm/core/aarch32/libarch__arm__core__aarch32.a(nmi_on_reset.S.obj)
                0x00000000000025a4                z_SysNmiOnReset
 .text.z_arm_prep_c
                0x00000000000025ac       0x44 arch/arch/arm/core/aarch32/libarch__arm__core__aarch32.a(prep_c.c.obj)
                0x00000000000025ac                z_arm_prep_c
 .text._isr_wrapper
                0x00000000000025f0       0x40 arch/arch/arm/core/aarch32/libarch__arm__core__aarch32.a(isr_wrapper.S.obj)
                0x00000000000025f0                _isr_wrapper
 .text.z_arm_userspace_enter
                0x0000000000002630       0x84 arch/arch/arm/core/aarch32/libarch__arm__core__aarch32.a(userspace.S.obj)
                0x0000000000002630                z_arm_userspace_enter
 .text.z_arm_do_syscall
                0x00000000000026b4       0x94 arch/arch/arm/core/aarch32/libarch__arm__core__aarch32.a(userspace.S.obj)
                0x00000000000026b4                z_arm_do_syscall
 .text.arch_user_string_nlen
                0x0000000000002748       0x24 arch/arch/arm/core/aarch32/libarch__arm__core__aarch32.a(userspace.S.obj)
                0x0000000000002748                arch_user_string_nlen
                0x0000000000002752                z_arm_user_string_nlen_fault_start
                0x0000000000002754                z_arm_user_string_nlen_fault_end
                0x0000000000002764                z_arm_user_string_nlen_fixup
 .text._reset_section
                0x000000000000276c       0x30 arch/arch/arm/core/aarch32/cortex_m/libarch__arm__core__aarch32__cortex_m.a(reset.S.obj)
                0x000000000000276c                z_arm_reset
                0x000000000000276c                __start
 .text.__fault  0x000000000000279c       0x14 arch/arch/arm/core/aarch32/cortex_m/libarch__arm__core__aarch32__cortex_m.a(fault_s.S.obj)
                0x000000000000279c                z_arm_bus_fault
                0x000000000000279c                z_arm_usage_fault
                0x000000000000279c                z_arm_mpu_fault
                0x000000000000279c                z_arm_exc_spurious
                0x000000000000279c                z_arm_debug_monitor
                0x000000000000279c                z_arm_hard_fault
 .text.bus_fault
                0x00000000000027b0      0x1a8 arch/arch/arm/core/aarch32/cortex_m/libarch__arm__core__aarch32__cortex_m.a(fault.c.obj)
 .text.usage_fault.isra.0
                0x0000000000002958      0x144 arch/arch/arm/core/aarch32/cortex_m/libarch__arm__core__aarch32__cortex_m.a(fault.c.obj)
 .text.mem_manage_fault
                0x0000000000002a9c      0x1bc arch/arch/arm/core/aarch32/cortex_m/libarch__arm__core__aarch32__cortex_m.a(fault.c.obj)
 .text.z_arm_fault
                0x0000000000002c58      0x218 arch/arch/arm/core/aarch32/cortex_m/libarch__arm__core__aarch32__cortex_m.a(fault.c.obj)
                0x0000000000002c58                z_arm_fault
 .text.z_arm_fault_init
                0x0000000000002e70       0x10 arch/arch/arm/core/aarch32/cortex_m/libarch__arm__core__aarch32__cortex_m.a(fault.c.obj)
                0x0000000000002e70                z_arm_fault_init
 .text._HandlerModeExit
                0x0000000000002e80       0x1c arch/arch/arm/core/aarch32/cortex_m/libarch__arm__core__aarch32__cortex_m.a(exc_exit.S.obj)
                0x0000000000002e80                z_arm_exc_exit
                0x0000000000002e80                z_arm_int_exit
 .text.z_arm_interrupt_init
                0x0000000000002e9c       0x18 arch/arch/arm/core/aarch32/cortex_m/libarch__arm__core__aarch32__cortex_m.a(irq_init.c.obj)
                0x0000000000002e9c                z_arm_interrupt_init
 .text.z_impl_k_thread_abort
                0x0000000000002eb4       0x4c arch/arch/arm/core/aarch32/cortex_m/libarch__arm__core__aarch32__cortex_m.a(thread_abort.c.obj)
                0x0000000000002eb4                z_impl_k_thread_abort
 .text.z_arm_configure_static_mpu_regions
                0x0000000000002f00       0x38 arch/arch/arm/core/aarch32/cortex_m/mpu/libarch__arm__core__aarch32__cortex_m__mpu.a(arm_core_mpu.c.obj)
                0x0000000000002f00                z_arm_configure_static_mpu_regions
 .text.z_arm_configure_dynamic_mpu_regions
                0x0000000000002f38       0xa4 arch/arch/arm/core/aarch32/cortex_m/mpu/libarch__arm__core__aarch32__cortex_m__mpu.a(arm_core_mpu.c.obj)
                0x0000000000002f38                z_arm_configure_dynamic_mpu_regions
 .text.arch_mem_domain_thread_add
                0x0000000000002fdc       0x14 arch/arch/arm/core/aarch32/cortex_m/mpu/libarch__arm__core__aarch32__cortex_m__mpu.a(arm_core_mpu.c.obj)
                0x0000000000002fdc                arch_mem_domain_thread_add
 .text.is_enabled_region
                0x0000000000002ff0       0x28 arch/arch/arm/core/aarch32/cortex_m/mpu/libarch__arm__core__aarch32__cortex_m__mpu.a(arm_mpu.c.obj)
 .text.mpu_configure_region
                0x0000000000003018       0x98 arch/arch/arm/core/aarch32/cortex_m/mpu/libarch__arm__core__aarch32__cortex_m__mpu.a(arm_mpu.c.obj)
 .text.arm_core_mpu_enable
                0x00000000000030b0       0x14 arch/arch/arm/core/aarch32/cortex_m/mpu/libarch__arm__core__aarch32__cortex_m__mpu.a(arm_mpu.c.obj)
                0x00000000000030b0                arm_core_mpu_enable
 .text.arm_core_mpu_disable
                0x00000000000030c4       0x10 arch/arch/arm/core/aarch32/cortex_m/mpu/libarch__arm__core__aarch32__cortex_m__mpu.a(arm_mpu.c.obj)
                0x00000000000030c4                arm_core_mpu_disable
 .text.arm_mpu_init
                0x00000000000030d4       0x64 arch/arch/arm/core/aarch32/cortex_m/mpu/libarch__arm__core__aarch32__cortex_m__mpu.a(arm_mpu.c.obj)
 .text.arm_core_mpu_get_max_available_dyn_regions
                0x0000000000003138       0x10 arch/arch/arm/core/aarch32/cortex_m/mpu/libarch__arm__core__aarch32__cortex_m__mpu.a(arm_mpu.c.obj)
                0x0000000000003138                arm_core_mpu_get_max_available_dyn_regions
 .text.arm_core_mpu_buffer_validate
                0x0000000000003148       0xa8 arch/arch/arm/core/aarch32/cortex_m/mpu/libarch__arm__core__aarch32__cortex_m__mpu.a(arm_mpu.c.obj)
                0x0000000000003148                arm_core_mpu_buffer_validate
 .text.arm_core_mpu_configure_static_mpu_regions
                0x00000000000031f0       0x80 arch/arch/arm/core/aarch32/cortex_m/mpu/libarch__arm__core__aarch32__cortex_m__mpu.a(arm_mpu.c.obj)
                0x00000000000031f0                arm_core_mpu_configure_static_mpu_regions
 .text.arm_core_mpu_configure_dynamic_mpu_regions
                0x0000000000003270       0x4c arch/arch/arm/core/aarch32/cortex_m/mpu/libarch__arm__core__aarch32__cortex_m__mpu.a(arm_mpu.c.obj)
                0x0000000000003270                arm_core_mpu_configure_dynamic_mpu_regions
 .text.__stdout_hook_install
                0x00000000000032bc        0xc lib/libc/minimal/liblib__libc__minimal.a(stdout_console.c.obj)
                0x00000000000032bc                __stdout_hook_install
 .text.z_impl_zephyr_fputc
                0x00000000000032c8       0x14 lib/libc/minimal/liblib__libc__minimal.a(stdout_console.c.obj)
                0x00000000000032c8                z_impl_zephyr_fputc
 .text.z_mrsh_zephyr_fputc
                0x00000000000032dc       0x10 lib/libc/minimal/liblib__libc__minimal.a(stdout_console.c.obj)
                0x00000000000032dc                z_mrsh_zephyr_fputc
 .text.z_impl_zephyr_fwrite
                0x00000000000032ec       0x48 lib/libc/minimal/liblib__libc__minimal.a(stdout_console.c.obj)
                0x00000000000032ec                z_impl_zephyr_fwrite
 .text.z_mrsh_zephyr_fwrite
                0x0000000000003334       0xd8 lib/libc/minimal/liblib__libc__minimal.a(stdout_console.c.obj)
                0x0000000000003334                z_mrsh_zephyr_fwrite
 .text.nordicsemi_nrf52_init
                0x000000000000340c       0x30 soc/arm/nordic_nrf/nrf52/libsoc__arm__nordic_nrf__nrf52.a(soc.c.obj)
 .text.arch_busy_wait
                0x000000000000343c       0x14 soc/arm/nordic_nrf/nrf52/libsoc__arm__nordic_nrf__nrf52.a(soc.c.obj)
                0x000000000000343c                arch_busy_wait
 .text.gpio_nrfx_init
                0x0000000000003450       0x30 drivers/gpio/libdrivers__gpio.a(gpio_nrfx.c.obj)
 .text.gpio_nrfx_config
                0x0000000000003480       0xc8 drivers/gpio/libdrivers__gpio.a(gpio_nrfx.c.obj)
 .text.nrf_gpio_cfg_sense_set
                0x0000000000003548       0x28 drivers/gpio/libdrivers__gpio.a(gpio_nrfx.c.obj)
 .text.gpiote_pin_int_cfg
                0x0000000000003570      0x138 drivers/gpio/libdrivers__gpio.a(gpio_nrfx.c.obj)
 .text.gpio_nrfx_pin_interrupt_configure
                0x00000000000036a8       0x9c drivers/gpio/libdrivers__gpio.a(gpio_nrfx.c.obj)
 .text.gpiote_event_handler
                0x0000000000003744       0xbc drivers/gpio/libdrivers__gpio.a(gpio_nrfx.c.obj)
 .text.z_mrsh_gpio_config
                0x0000000000003800       0xbc drivers/gpio/libdrivers__gpio.a(gpio_handlers.c.obj)
                0x0000000000003800                z_mrsh_gpio_config
 .text.z_mrsh_gpio_port_get_raw
                0x00000000000038bc      0x114 drivers/gpio/libdrivers__gpio.a(gpio_handlers.c.obj)
                0x00000000000038bc                z_mrsh_gpio_port_get_raw
 .text.z_mrsh_gpio_port_set_masked_raw
                0x00000000000039d0       0xbc drivers/gpio/libdrivers__gpio.a(gpio_handlers.c.obj)
                0x00000000000039d0                z_mrsh_gpio_port_set_masked_raw
 .text.z_mrsh_gpio_port_set_bits_raw
                0x0000000000003a8c       0xb4 drivers/gpio/libdrivers__gpio.a(gpio_handlers.c.obj)
                0x0000000000003a8c                z_mrsh_gpio_port_set_bits_raw
 .text.z_mrsh_gpio_port_clear_bits_raw
                0x0000000000003b40       0xb4 drivers/gpio/libdrivers__gpio.a(gpio_handlers.c.obj)
                0x0000000000003b40                z_mrsh_gpio_port_clear_bits_raw
 .text.z_mrsh_gpio_port_toggle_bits
                0x0000000000003bf4       0xb4 drivers/gpio/libdrivers__gpio.a(gpio_handlers.c.obj)
                0x0000000000003bf4                z_mrsh_gpio_port_toggle_bits
 .text.z_mrsh_gpio_pin_interrupt_configure
                0x0000000000003ca8       0xdc drivers/gpio/libdrivers__gpio.a(gpio_handlers.c.obj)
                0x0000000000003ca8                z_mrsh_gpio_pin_interrupt_configure
 .text.z_mrsh_gpio_enable_callback
                0x0000000000003d84       0xb4 drivers/gpio/libdrivers__gpio.a(gpio_handlers.c.obj)
                0x0000000000003d84                z_mrsh_gpio_enable_callback
 .text.z_mrsh_gpio_disable_callback
                0x0000000000003e38       0xb4 drivers/gpio/libdrivers__gpio.a(gpio_handlers.c.obj)
                0x0000000000003e38                z_mrsh_gpio_disable_callback
 .text.z_mrsh_gpio_get_pending_int
                0x0000000000003eec       0xb0 drivers/gpio/libdrivers__gpio.a(gpio_handlers.c.obj)
                0x0000000000003eec                z_mrsh_gpio_get_pending_int
 .text.uart_nrfx_err_check
                0x0000000000003f9c       0x10 drivers/serial/libdrivers__serial.a(uart_nrfx_uart.c.obj)
 .text.uart_nrfx_configure
                0x0000000000003fac      0x174 drivers/serial/libdrivers__serial.a(uart_nrfx_uart.c.obj)
 .text.uart_nrfx_poll_in
                0x0000000000004120       0x2c drivers/serial/libdrivers__serial.a(uart_nrfx_uart.c.obj)
 .text.uart_nrfx_poll_out
                0x000000000000414c       0x88 drivers/serial/libdrivers__serial.a(uart_nrfx_uart.c.obj)
 .text.uart_nrfx_init
                0x00000000000041d4       0x6c drivers/serial/libdrivers__serial.a(uart_nrfx_uart.c.obj)
 .text.uarte_nrfx_configure
                0x0000000000004240      0x168 drivers/serial/libdrivers__serial.a(uart_nrfx_uarte.c.obj)
 .text.uarte_1_init
                0x00000000000043a8       0x58 drivers/serial/libdrivers__serial.a(uart_nrfx_uarte.c.obj)
 .text.z_mrsh_uart_err_check
                0x0000000000004400       0xb0 drivers/serial/libdrivers__serial.a(uart_handlers.c.obj)
                0x0000000000004400                z_mrsh_uart_err_check
 .text.z_mrsh_uart_poll_in
                0x00000000000044b0      0x114 drivers/serial/libdrivers__serial.a(uart_handlers.c.obj)
                0x00000000000044b0                z_mrsh_uart_poll_in
 .text.z_mrsh_uart_poll_out
                0x00000000000045c4       0xb8 drivers/serial/libdrivers__serial.a(uart_handlers.c.obj)
                0x00000000000045c4                z_mrsh_uart_poll_out
 .text.z_mrsh_uart_config_get
                0x000000000000467c      0x120 drivers/serial/libdrivers__serial.a(uart_handlers.c.obj)
                0x000000000000467c                z_mrsh_uart_config_get
 .text.z_mrsh_uart_configure
                0x000000000000479c      0x120 drivers/serial/libdrivers__serial.a(uart_handlers.c.obj)
                0x000000000000479c                z_mrsh_uart_configure
 .text.nrf52_errata_36
                0x00000000000048bc       0x3c ../modules/nordic/lib..__modules__hal__nordic.a(system_nrf52840.c.obj)
 .text.nrf52_errata_98
                0x00000000000048f8       0x28 ../modules/nordic/lib..__modules__hal__nordic.a(system_nrf52840.c.obj)
 .text.SystemInit
                0x0000000000004920      0x1b8 ../modules/nordic/lib..__modules__hal__nordic.a(system_nrf52840.c.obj)
                0x0000000000004920                SystemInit
 .text.z_sys_init_run_level
                0x0000000000004ad8       0x34 kernel/libkernel.a(device.c.obj)
                0x0000000000004ad8                z_sys_init_run_level
 .text.z_impl_device_get_binding
                0x0000000000004b0c       0x48 kernel/libkernel.a(device.c.obj)
                0x0000000000004b0c                z_impl_device_get_binding
 .text.z_mrsh_device_get_binding
                0x0000000000004b54       0x2c kernel/libkernel.a(device.c.obj)
                0x0000000000004b54                z_mrsh_device_get_binding
 .text.z_mrsh_z_errno
                0x0000000000004b80       0x10 kernel/libkernel.a(errno.c.obj)
                0x0000000000004b80                z_mrsh_z_errno
 .text.k_sys_fatal_error_handler
                0x0000000000004b90       0x40 kernel/libkernel.a(fatal.c.obj)
                0x0000000000004b90                k_sys_fatal_error_handler
 .text.z_fatal_error
                0x0000000000004bd0      0x128 kernel/libkernel.a(fatal.c.obj)
                0x0000000000004bd0                z_fatal_error
 .text.idle     0x0000000000004cf8       0x34 kernel/libkernel.a(idle.c.obj)
                0x0000000000004cf8                idle
 .text.z_bss_zero
                0x0000000000004d2c       0x14 kernel/libkernel.a(init.c.obj)
                0x0000000000004d2c                z_bss_zero
 .text.z_data_copy
                0x0000000000004d40       0x4c kernel/libkernel.a(init.c.obj)
                0x0000000000004d40                z_data_copy
 .text.bg_thread_main
                0x0000000000004d8c       0x48 kernel/libkernel.a(init.c.obj)
 .text.z_cstart
                0x0000000000004dd4      0x110 kernel/libkernel.a(init.c.obj)
                0x0000000000004dd4                z_cstart
 .text.init_mem_slab_module
                0x0000000000004ee4       0x48 kernel/libkernel.a(mem_slab.c.obj)
 .text.k_mem_slab_alloc
                0x0000000000004f2c       0x64 kernel/libkernel.a(mem_slab.c.obj)
                0x0000000000004f2c                k_mem_slab_alloc
 .text.k_mem_slab_free
                0x0000000000004f90       0x54 kernel/libkernel.a(mem_slab.c.obj)
                0x0000000000004f90                k_mem_slab_free
 .text.z_mrsh_k_mutex_init
                0x0000000000004fe4       0x6c kernel/libkernel.a(mutex.c.obj)
                0x0000000000004fe4                z_mrsh_k_mutex_init
 .text.z_impl_k_mutex_lock
                0x0000000000005050       0xf0 kernel/libkernel.a(mutex.c.obj)
                0x0000000000005050                z_impl_k_mutex_lock
 .text.z_mrsh_k_mutex_lock
                0x0000000000005140       0x74 kernel/libkernel.a(mutex.c.obj)
                0x0000000000005140                z_mrsh_k_mutex_lock
 .text.z_impl_k_mutex_unlock
                0x00000000000051b4       0x90 kernel/libkernel.a(mutex.c.obj)
                0x00000000000051b4                z_impl_k_mutex_unlock
 .text.z_mrsh_k_mutex_unlock
                0x0000000000005244       0x6c kernel/libkernel.a(mutex.c.obj)
                0x0000000000005244                z_mrsh_k_mutex_unlock
 .text.z_mrsh_k_queue_init
                0x00000000000052b0       0x70 kernel/libkernel.a(queue.c.obj)
                0x00000000000052b0                z_mrsh_k_queue_init
 .text.z_mrsh_k_queue_cancel_wait
                0x0000000000005320       0x6c kernel/libkernel.a(queue.c.obj)
                0x0000000000005320                z_mrsh_k_queue_cancel_wait
 .text.z_mrsh_k_queue_alloc_append
                0x000000000000538c       0x70 kernel/libkernel.a(queue.c.obj)
                0x000000000000538c                z_mrsh_k_queue_alloc_append
 .text.z_mrsh_k_queue_alloc_prepend
                0x00000000000053fc       0x70 kernel/libkernel.a(queue.c.obj)
                0x00000000000053fc                z_mrsh_k_queue_alloc_prepend
 .text.z_impl_k_queue_get
                0x000000000000546c       0x68 kernel/libkernel.a(queue.c.obj)
                0x000000000000546c                z_impl_k_queue_get
 .text.z_mrsh_k_queue_get
                0x00000000000054d4       0x74 kernel/libkernel.a(queue.c.obj)
                0x00000000000054d4                z_mrsh_k_queue_get
 .text.z_mrsh_k_queue_is_empty
                0x0000000000005548       0x6c kernel/libkernel.a(queue.c.obj)
                0x0000000000005548                z_mrsh_k_queue_is_empty
 .text.z_mrsh_k_queue_peek_head
                0x00000000000055b4       0x6c kernel/libkernel.a(queue.c.obj)
                0x00000000000055b4                z_mrsh_k_queue_peek_head
 .text.z_mrsh_k_queue_peek_tail
                0x0000000000005620       0x6c kernel/libkernel.a(queue.c.obj)
                0x0000000000005620                z_mrsh_k_queue_peek_tail
 .text.z_reset_time_slice
                0x000000000000568c       0x2c kernel/libkernel.a(sched.c.obj)
                0x000000000000568c                z_reset_time_slice
 .text.k_sched_time_slice_set
                0x00000000000056b8       0x58 kernel/libkernel.a(sched.c.obj)
                0x00000000000056b8                k_sched_time_slice_set
 .text.k_sched_lock
                0x0000000000005710       0x28 kernel/libkernel.a(sched.c.obj)
                0x0000000000005710                k_sched_lock
 .text.z_priq_dumb_remove
                0x0000000000005738       0x2c kernel/libkernel.a(sched.c.obj)
                0x0000000000005738                z_priq_dumb_remove
 .text.update_cache
                0x0000000000005764       0x48 kernel/libkernel.a(sched.c.obj)
 .text.k_sched_unlock
                0x00000000000057ac       0x38 kernel/libkernel.a(sched.c.obj)
                0x00000000000057ac                k_sched_unlock
 .text.ready_thread
                0x00000000000057e4       0x68 kernel/libkernel.a(sched.c.obj)
 .text.z_sched_start
                0x000000000000584c       0x3c kernel/libkernel.a(sched.c.obj)
                0x000000000000584c                z_sched_start
 .text.z_impl_k_thread_resume
                0x0000000000005888       0x30 kernel/libkernel.a(sched.c.obj)
                0x0000000000005888                z_impl_k_thread_resume
 .text.z_mrsh_k_thread_resume
                0x00000000000058b8       0x6c kernel/libkernel.a(sched.c.obj)
                0x00000000000058b8                z_mrsh_k_thread_resume
 .text.z_move_thread_to_end_of_prio_q
                0x0000000000005924       0x8c kernel/libkernel.a(sched.c.obj)
                0x0000000000005924                z_move_thread_to_end_of_prio_q
 .text.z_time_slice
                0x00000000000059b0       0x6c kernel/libkernel.a(sched.c.obj)
                0x00000000000059b0                z_time_slice
 .text.z_impl_k_thread_suspend
                0x0000000000005a1c       0x68 kernel/libkernel.a(sched.c.obj)
                0x0000000000005a1c                z_impl_k_thread_suspend
 .text.z_mrsh_k_thread_suspend
                0x0000000000005a84       0x6c kernel/libkernel.a(sched.c.obj)
                0x0000000000005a84                z_mrsh_k_thread_suspend
 .text.z_thread_single_abort
                0x0000000000005af0       0xcc kernel/libkernel.a(sched.c.obj)
                0x0000000000005af0                z_thread_single_abort
 .text.unready_thread
                0x0000000000005bbc       0x34 kernel/libkernel.a(sched.c.obj)
 .text.z_tick_sleep.part.0
                0x0000000000005bf0       0x5c kernel/libkernel.a(sched.c.obj)
 .text.pend     0x0000000000005c4c       0x4c kernel/libkernel.a(sched.c.obj)
 .text.z_pend_curr
                0x0000000000005c98       0x28 kernel/libkernel.a(sched.c.obj)
                0x0000000000005c98                z_pend_curr
 .text.z_set_prio
                0x0000000000005cc0       0x88 kernel/libkernel.a(sched.c.obj)
                0x0000000000005cc0                z_set_prio
 .text.z_thread_priority_set
                0x0000000000005d48       0x20 kernel/libkernel.a(sched.c.obj)
                0x0000000000005d48                z_thread_priority_set
 .text.z_sched_init
                0x0000000000005d68       0x18 kernel/libkernel.a(sched.c.obj)
                0x0000000000005d68                z_sched_init
 .text.z_mrsh_k_thread_priority_get
                0x0000000000005d80       0x64 kernel/libkernel.a(sched.c.obj)
                0x0000000000005d80                z_mrsh_k_thread_priority_get
 .text.z_mrsh_k_thread_priority_set
                0x0000000000005de4       0xfc kernel/libkernel.a(sched.c.obj)
                0x0000000000005de4                z_mrsh_k_thread_priority_set
 .text.z_impl_k_yield
                0x0000000000005ee0       0x9c kernel/libkernel.a(sched.c.obj)
                0x0000000000005ee0                z_impl_k_yield
 .text.z_mrsh_k_yield
                0x0000000000005f7c       0x18 kernel/libkernel.a(sched.c.obj)
                0x0000000000005f7c                z_mrsh_k_yield
 .text.z_impl_k_sleep
                0x0000000000005f94       0x40 kernel/libkernel.a(sched.c.obj)
                0x0000000000005f94                z_impl_k_sleep
 .text.z_mrsh_k_sleep
                0x0000000000005fd4       0x10 kernel/libkernel.a(sched.c.obj)
                0x0000000000005fd4                z_mrsh_k_sleep
 .text.z_impl_k_usleep
                0x0000000000005fe4       0x40 kernel/libkernel.a(sched.c.obj)
                0x0000000000005fe4                z_impl_k_usleep
 .text.z_mrsh_k_usleep
                0x0000000000006024       0x10 kernel/libkernel.a(sched.c.obj)
                0x0000000000006024                z_mrsh_k_usleep
 .text.z_mrsh_k_wakeup
                0x0000000000006034       0x6c kernel/libkernel.a(sched.c.obj)
                0x0000000000006034                z_mrsh_k_wakeup
 .text.z_impl_k_current_get
                0x00000000000060a0        0xc kernel/libkernel.a(sched.c.obj)
                0x00000000000060a0                z_impl_k_current_get
 .text.z_mrsh_k_current_get
                0x00000000000060ac       0x10 kernel/libkernel.a(sched.c.obj)
                0x00000000000060ac                z_mrsh_k_current_get
 .text.z_impl_k_is_preempt_thread
                0x00000000000060bc       0x20 kernel/libkernel.a(sched.c.obj)
                0x00000000000060bc                z_impl_k_is_preempt_thread
 .text.z_mrsh_k_is_preempt_thread
                0x00000000000060dc       0x10 kernel/libkernel.a(sched.c.obj)
                0x00000000000060dc                z_mrsh_k_is_preempt_thread
 .text.z_impl_k_thread_join
                0x00000000000060ec       0x88 kernel/libkernel.a(sched.c.obj)
                0x00000000000060ec                z_impl_k_thread_join
 .text.z_mrsh_k_thread_join
                0x0000000000006174       0x2c kernel/libkernel.a(sched.c.obj)
                0x0000000000006174                z_mrsh_k_thread_join
 .text.z_mrsh_k_thread_abort
                0x00000000000061a0       0x6c kernel/libkernel.a(sched.c.obj)
                0x00000000000061a0                z_mrsh_k_thread_abort
 .text.z_vrfy_k_sem_init
                0x000000000000620c       0x6c kernel/libkernel.a(sem.c.obj)
                0x000000000000620c                z_vrfy_k_sem_init
 .text.z_mrsh_k_sem_init
                0x0000000000006278       0x14 kernel/libkernel.a(sem.c.obj)
                0x0000000000006278                z_mrsh_k_sem_init
 .text.z_impl_k_sem_give
                0x000000000000628c       0x44 kernel/libkernel.a(sem.c.obj)
                0x000000000000628c                z_impl_k_sem_give
 .text.z_mrsh_k_sem_give
                0x00000000000062d0       0x6c kernel/libkernel.a(sem.c.obj)
                0x00000000000062d0                z_mrsh_k_sem_give
 .text.z_impl_k_sem_take
                0x000000000000633c       0x54 kernel/libkernel.a(sem.c.obj)
                0x000000000000633c                z_impl_k_sem_take
 .text.z_mrsh_k_sem_take
                0x0000000000006390       0x74 kernel/libkernel.a(sem.c.obj)
                0x0000000000006390                z_mrsh_k_sem_take
 .text.z_mrsh_k_sem_reset
                0x0000000000006404       0x64 kernel/libkernel.a(sem.c.obj)
                0x0000000000006404                z_mrsh_k_sem_reset
 .text.z_mrsh_k_sem_count_get
                0x0000000000006468       0x64 kernel/libkernel.a(sem.c.obj)
                0x0000000000006468                z_mrsh_k_sem_count_get
 .text.schedule_new_thread
                0x00000000000064cc       0x20 kernel/libkernel.a(thread.c.obj)
 .text.z_mrsh_k_busy_wait
                0x00000000000064ec       0x18 kernel/libkernel.a(thread.c.obj)
                0x00000000000064ec                z_mrsh_k_busy_wait
 .text.z_mrsh_k_thread_name_set
                0x0000000000006504       0x14 kernel/libkernel.a(thread.c.obj)
                0x0000000000006504                z_mrsh_k_thread_name_set
 .text.z_mrsh_k_thread_name_copy
                0x0000000000006518       0x14 kernel/libkernel.a(thread.c.obj)
                0x0000000000006518                z_mrsh_k_thread_name_copy
 .text.z_mrsh_k_thread_start
                0x000000000000652c       0x70 kernel/libkernel.a(thread.c.obj)
                0x000000000000652c                z_mrsh_k_thread_start
 .text.z_setup_new_thread
                0x000000000000659c       0x90 kernel/libkernel.a(thread.c.obj)
                0x000000000000659c                z_setup_new_thread
 .text.z_vrfy_k_thread_create
                0x000000000000662c      0x1f8 kernel/libkernel.a(thread.c.obj)
                0x000000000000662c                z_vrfy_k_thread_create
 .text.z_mrsh_k_thread_create
                0x0000000000006824       0xb4 kernel/libkernel.a(thread.c.obj)
                0x0000000000006824                z_mrsh_k_thread_create
 .text.z_init_static_threads
                0x00000000000068d8       0xd0 kernel/libkernel.a(thread.c.obj)
                0x00000000000068d8                z_init_static_threads
 .text.z_mrsh_k_float_disable
                0x00000000000069a8       0x68 kernel/libkernel.a(thread.c.obj)
                0x00000000000069a8                z_mrsh_k_float_disable
 .text.z_mrsh_k_thread_timeout_remaining_ticks
                0x0000000000006a10       0x6c kernel/libkernel.a(thread.c.obj)
                0x0000000000006a10                z_mrsh_k_thread_timeout_remaining_ticks
 .text.z_mrsh_k_thread_timeout_expires_ticks
                0x0000000000006a7c       0x6c kernel/libkernel.a(thread.c.obj)
                0x0000000000006a7c                z_mrsh_k_thread_timeout_expires_ticks
 .text.elapsed  0x0000000000006ae8       0x14 kernel/libkernel.a(timeout.c.obj)
 .text.remove_timeout
                0x0000000000006afc       0x28 kernel/libkernel.a(timeout.c.obj)
 .text.next_timeout
                0x0000000000006b24       0x38 kernel/libkernel.a(timeout.c.obj)
 .text.timeout_rem
                0x0000000000006b5c       0x4c kernel/libkernel.a(timeout.c.obj)
 .text.z_add_timeout
                0x0000000000006ba8       0xf4 kernel/libkernel.a(timeout.c.obj)
                0x0000000000006ba8                z_add_timeout
 .text.z_timeout_expires
                0x0000000000006c9c       0x30 kernel/libkernel.a(timeout.c.obj)
                0x0000000000006c9c                z_timeout_expires
 .text.z_clock_announce
                0x0000000000006ccc       0xa8 kernel/libkernel.a(timeout.c.obj)
                0x0000000000006ccc                z_clock_announce
 .text.z_tick_get
                0x0000000000006d74       0x34 kernel/libkernel.a(timeout.c.obj)
                0x0000000000006d74                z_tick_get
 .text.z_mrsh_k_uptime_ticks
                0x0000000000006da8       0x98 kernel/libkernel.a(timeout.c.obj)
                0x0000000000006da8                z_mrsh_k_uptime_ticks
 .text.z_timer_expiration_handler
                0x0000000000006e40       0x4c kernel/libkernel.a(timer.c.obj)
                0x0000000000006e40                z_timer_expiration_handler
 .text.z_impl_k_timer_start
                0x0000000000006e8c       0x9c kernel/libkernel.a(timer.c.obj)
                0x0000000000006e8c                z_impl_k_timer_start
 .text.z_mrsh_k_timer_start
                0x0000000000006f28       0x84 kernel/libkernel.a(timer.c.obj)
                0x0000000000006f28                z_mrsh_k_timer_start
 .text.z_mrsh_k_timer_stop
                0x0000000000006fac       0x6c kernel/libkernel.a(timer.c.obj)
                0x0000000000006fac                z_mrsh_k_timer_stop
 .text.z_mrsh_k_timer_status_get
                0x0000000000007018       0x68 kernel/libkernel.a(timer.c.obj)
                0x0000000000007018                z_mrsh_k_timer_status_get
 .text.z_impl_k_timer_status_sync
                0x0000000000007080       0x58 kernel/libkernel.a(timer.c.obj)
                0x0000000000007080                z_impl_k_timer_status_sync
 .text.z_mrsh_k_timer_status_sync
                0x00000000000070d8       0x68 kernel/libkernel.a(timer.c.obj)
                0x00000000000070d8                z_mrsh_k_timer_status_sync
 .text.z_mrsh_k_timer_remaining_ticks
                0x0000000000007140       0x68 kernel/libkernel.a(timer.c.obj)
                0x0000000000007140                z_mrsh_k_timer_remaining_ticks
 .text.z_mrsh_k_timer_expires_ticks
                0x00000000000071a8       0x68 kernel/libkernel.a(timer.c.obj)
                0x00000000000071a8                z_mrsh_k_timer_expires_ticks
 .text.z_mrsh_k_timer_user_data_get
                0x0000000000007210       0x64 kernel/libkernel.a(timer.c.obj)
                0x0000000000007210                z_mrsh_k_timer_user_data_get
 .text.z_mrsh_k_timer_user_data_set
                0x0000000000007274       0x64 kernel/libkernel.a(timer.c.obj)
                0x0000000000007274                z_mrsh_k_timer_user_data_set
 .text.z_mrsh_k_futex_wake
                0x00000000000072d8       0x90 kernel/libkernel.a(futex.c.obj)
                0x00000000000072d8                z_mrsh_k_futex_wake
 .text.z_mrsh_k_futex_wait
                0x0000000000007368       0x98 kernel/libkernel.a(futex.c.obj)
                0x0000000000007368                z_mrsh_k_futex_wait
 .text.init_mem_domain_module
                0x0000000000007400       0x14 kernel/libkernel.a(mem_domain.c.obj)
 .text.app_shmem_bss_zero
                0x0000000000007414       0x24 kernel/libkernel.a(userspace.c.obj)
 .text.handler_no_syscall
                0x0000000000007438       0x44 kernel/libkernel.a(userspace.c.obj)
                0x0000000000007438                z_mrsh_k_msgq_get
                0x0000000000007438                z_mrsh_k_stack_push
                0x0000000000007438                z_mrsh_peci_enable
                0x0000000000007438                z_mrsh_flash_get_write_block_size
                0x0000000000007438                z_mrsh_sensor_attr_set
                0x0000000000007438                z_mrsh_k_thread_custom_data_get
                0x0000000000007438                z_mrsh_led_on
                0x0000000000007438                z_mrsh_k_poll_signal_raise
                0x0000000000007438                z_mrsh_net_eth_get_ptp_clock_by_index
                0x0000000000007438                z_mrsh_counter_get_guard_period
                0x0000000000007438                z_mrsh_adc_read_async
                0x0000000000007438                z_mrsh_clock_gettime
                0x0000000000007438                z_mrsh_counter_set_channel_alarm
                0x0000000000007438                z_mrsh_espi_receive_oob
                0x0000000000007438                z_mrsh_led_off
                0x0000000000007438                z_mrsh_espi_read_flash
                0x0000000000007438                z_mrsh_k_pipe_get
                0x0000000000007438                z_mrsh_k_msgq_peek
                0x0000000000007438                z_mrsh_net_if_ipv4_set_netmask_by_index
                0x0000000000007438                z_mrsh_uart_irq_is_pending
                0x0000000000007438                z_mrsh_uart_tx
                0x0000000000007438                z_mrsh_uart_mux_find
                0x0000000000007438                z_mrsh_k_msgq_num_free_get
                0x0000000000007438                z_mrsh_counter_start
                0x0000000000007438                z_mrsh_net_if_ipv4_addr_rm_by_index
                0x0000000000007438                z_mrsh_sensor_sample_fetch_chan
                0x0000000000007438                z_mrsh_k_pipe_read_avail
                0x0000000000007438                z_mrsh_zsock_sendmsg
                0x0000000000007438                z_mrsh_i2s_trigger
                0x0000000000007438                z_mrsh_espi_write_flash
                0x0000000000007438                z_mrsh_counter_get_num_of_channels
                0x0000000000007438                z_mrsh_eeprom_get_size
                0x0000000000007438                z_mrsh_atomic_set
                0x0000000000007438                z_mrsh_ipm_set_enabled
                0x0000000000007438                z_mrsh_uart_rx_enable
                0x0000000000007438                z_mrsh_net_addr_ntop
                0x0000000000007438                z_mrsh_uart_irq_err_enable
                0x0000000000007438                z_mrsh_zsock_getsockname
                0x0000000000007438                z_mrsh_zsock_listen
                0x0000000000007438                z_mrsh_pwm_get_cycles_per_sec
                0x0000000000007438                z_mrsh_k_msgq_alloc_init
                0x0000000000007438                z_mrsh_can_recover
                0x0000000000007438                z_mrsh_dma_start
                0x0000000000007438                z_mrsh_net_if_ipv6_addr_lookup_by_index
                0x0000000000007438                z_mrsh_ps2_config
                0x0000000000007438                z_mrsh_wdt_disable
                0x0000000000007438                z_mrsh_can_send
                0x0000000000007438                z_mrsh_zsock_sendto
                0x0000000000007438                z_mrsh_counter_get_frequency
                0x0000000000007438                z_mrsh_zsock_gethostname
                0x0000000000007438                z_mrsh_k_poll_signal_check
                0x0000000000007438                z_mrsh_i2c_configure
                0x0000000000007438                z_mrsh_ps2_enable_callback
                0x0000000000007438                z_mrsh_espi_write_lpc_request
                0x0000000000007438                z_mrsh_uart_irq_tx_enable
                0x0000000000007438                z_mrsh_k_stack_alloc_init
                0x0000000000007438                z_mrsh_uart_irq_rx_enable
                0x0000000000007438                z_mrsh_zsock_inet_pton
                0x0000000000007438                z_mrsh_ps2_read
                0x0000000000007438                z_mrsh_ipm_max_data_size_get
                0x0000000000007438                z_mrsh_ps2_write
                0x0000000000007438                z_mrsh_dac_write_value
                0x0000000000007438                z_mrsh_espi_send_oob
                0x0000000000007438                z_mrsh_counter_get_max_top_value
                0x0000000000007438                z_mrsh_espi_send_vwire
                0x0000000000007438                z_mrsh_net_if_ipv4_addr_lookup_by_index
                0x0000000000007438                z_mrsh_uart_line_ctrl_get
                0x0000000000007438                z_mrsh_k_thread_stack_space_get
                0x0000000000007438                z_mrsh_counter_stop
                0x0000000000007438                z_mrsh_uart_tx_abort
                0x0000000000007438                z_mrsh_wdt_setup
                0x0000000000007438                z_mrsh_i2c_recover_bus
                0x0000000000007438                z_mrsh_ps2_disable_callback
                0x0000000000007438                z_mrsh_net_if_ipv6_addr_add_by_index
                0x0000000000007438                z_mrsh_k_pipe_alloc_init
                0x0000000000007438                z_mrsh_i2c_transfer
                0x0000000000007438                z_mrsh_flash_write_protection_set
                0x0000000000007438                z_mrsh_z_zephyr_read_stdin
                0x0000000000007438                z_mrsh_net_if_ipv6_addr_rm_by_index
                0x0000000000007438                z_mrsh_atomic_or
                0x0000000000007438                z_mrsh_dac_channel_setup
                0x0000000000007438                z_mrsh_espi_read_request
                0x0000000000007438                z_mrsh_spi_release
                0x0000000000007438                z_mrsh_zsock_recvfrom
                0x0000000000007438                z_mrsh_zsock_bind
                0x0000000000007438                z_mrsh_flash_get_page_info_by_offs
                0x0000000000007438                z_mrsh_led_blink
                0x0000000000007438                z_mrsh_can_detach
                0x0000000000007438                z_mrsh_maxim_ds3231_get_syncpoint
                0x0000000000007438                z_mrsh_counter_get_value
                0x0000000000007438                z_mrsh_i2c_slave_driver_unregister
                0x0000000000007438                z_mrsh_espi_config
                0x0000000000007438                z_mrsh_entropy_get_entropy
                0x0000000000007438                z_mrsh_uart_line_ctrl_set
                0x0000000000007438                z_mrsh_espi_flash_erase
                0x0000000000007438                z_mrsh_ipm_send
                0x0000000000007438                z_mrsh_can_configure
                0x0000000000007438                z_mrsh_k_poll_signal_reset
                0x0000000000007438                z_mrsh_zsock_accept
                0x0000000000007438                z_mrsh_espi_read_lpc_request
                0x0000000000007438                z_mrsh_k_msgq_get_attrs
                0x0000000000007438                z_mrsh_zsock_fcntl
                0x0000000000007438                z_mrsh_net_if_ipv4_addr_add_by_index
                0x0000000000007438                z_mrsh_atomic_xor
                0x0000000000007438                z_mrsh_ipm_max_id_val_get
                0x0000000000007438                z_mrsh_atomic_add
                0x0000000000007438                z_mrsh_ptp_clock_get
                0x0000000000007438                z_mrsh_zsock_connect
                0x0000000000007438                z_mrsh_wdt_feed
                0x0000000000007438                z_mrsh_zsock_shutdown
                0x0000000000007438                z_mrsh_zsock_getsockopt
                0x0000000000007438                z_mrsh_counter_us_to_ticks
                0x0000000000007438                z_mrsh_atomic_ptr_cas
                0x0000000000007438                z_mrsh_counter_get_pending_int
                0x0000000000007438                z_mrsh_adc_channel_setup
                0x0000000000007438                z_mrsh_zsock_poll
                0x0000000000007438                z_mrsh_zsock_close
                0x0000000000007438                z_mrsh_led_set_brightness
                0x0000000000007438                z_mrsh_atomic_ptr_set
                0x0000000000007438                z_mrsh_atomic_sub
                0x0000000000007438                z_mrsh_counter_set_guard_period
                0x0000000000007438                z_mrsh_kscan_config
                0x0000000000007438                z_mrsh_can_attach_msgq
                0x0000000000007438                z_mrsh_uart_irq_update
                0x0000000000007438                z_mrsh_zsock_socketpair
                0x0000000000007438                z_mrsh_can_get_state
                0x0000000000007438                z_mrsh_k_thread_deadline_set
                0x0000000000007438                z_mrsh_z_clock_hw_cycles_per_sec_runtime_get
                0x0000000000007438                z_mrsh_espi_write_request
                0x0000000000007438                z_mrsh_peci_config
                0x0000000000007438                z_mrsh_k_msgq_put
                0x0000000000007438                z_mrsh_kscan_enable_callback
                0x0000000000007438                z_mrsh_spi_transceive
                0x0000000000007438                z_mrsh_maxim_ds3231_req_syncpoint
                0x0000000000007438                z_mrsh_flash_get_page_info_by_idx
                0x0000000000007438                z_mrsh_counter_get_top_value
                0x0000000000007438                z_mrsh_i2s_buf_read
                0x0000000000007438                z_mrsh_k_msgq_num_used_get
                0x0000000000007438                z_mrsh_counter_get_max_relative_alarm
                0x0000000000007438                z_mrsh_i2s_configure
                0x0000000000007438                z_mrsh_uart_irq_err_disable
                0x0000000000007438                z_mrsh_dma_stop
                0x0000000000007438                z_mrsh_atomic_and
                0x0000000000007438                z_mrsh_net_if_ipv4_set_gw_by_index
                0x0000000000007438                z_mrsh_uart_irq_rx_disable
                0x0000000000007438                z_mrsh_k_pipe_write_avail
                0x0000000000007438                z_mrsh_flash_erase
                0x0000000000007438                z_mrsh_pwm_pin_set_cycles
                0x0000000000007438                z_mrsh_i2c_slave_driver_register
                0x0000000000007438                z_mrsh_k_thread_custom_data_set
                0x0000000000007438                z_mrsh_flash_get_page_count
                0x0000000000007438                z_mrsh_k_poll
                0x0000000000007438                z_mrsh_zsock_setsockopt
                0x0000000000007438                z_mrsh_counter_is_counting_up
                0x0000000000007438                z_mrsh_uart_drv_cmd
                0x0000000000007438                z_mrsh_kscan_disable_callback
                0x0000000000007438                z_mrsh_k_msgq_purge
                0x0000000000007438                z_mrsh_uart_rx_disable
                0x0000000000007438                z_mrsh_adc_read
                0x0000000000007438                z_mrsh_zsock_socket
                0x0000000000007438                z_mrsh_espi_receive_vwire
                0x0000000000007438                z_mrsh_peci_disable
                0x0000000000007438                z_mrsh_counter_cancel_channel_alarm
                0x0000000000007438                z_mrsh_uart_irq_tx_disable
                0x0000000000007438                z_mrsh_atomic_nand
                0x0000000000007438                z_mrsh_counter_set_top_value
                0x0000000000007438                z_mrsh_sensor_channel_get
                0x0000000000007438                z_mrsh_i2s_buf_write
                0x0000000000007438                z_mrsh_atomic_cas
                0x0000000000007438                z_mrsh_peci_transfer
                0x0000000000007438                z_mrsh_net_addr_pton
                0x0000000000007438                z_mrsh_k_pipe_put
                0x0000000000007438                z_mrsh_sensor_sample_fetch
                0x0000000000007438                z_mrsh_k_stack_pop
                0x0000000000007438                z_mrsh_espi_get_channel_status
                0x0000000000007438                z_mrsh_z_zsock_getaddrinfo_internal
                0x0000000000007438                z_mrsh_z_zephyr_write_stdout
                0x0000000000007438                z_mrsh_counter_ticks_to_us
                0x0000000000007438                z_mrsh_flash_write
                0x0000000000007438                z_mrsh_hwinfo_get_device_id
                0x0000000000007438                z_mrsh_k_poll_signal_init
                0x0000000000007438                z_mrsh_flash_read
                0x0000000000007438                z_mrsh_eeprom_read
                0x0000000000007438                z_mrsh_eeprom_write
 .text.handler_bad_syscall
                0x000000000000747c       0x48 kernel/libkernel.a(userspace.c.obj)
 .text.otype_to_str
                0x00000000000074c4       0x1c kernel/libkernel.a(userspace.c.obj)
                0x00000000000074c4                otype_to_str
 .text.z_thread_perms_inherit
                0x00000000000074e0       0x34 kernel/libkernel.a(userspace.c.obj)
                0x00000000000074e0                z_thread_perms_inherit
 .text.z_thread_perms_all_clear
                0x0000000000007514       0x1c kernel/libkernel.a(userspace.c.obj)
                0x0000000000007514                z_thread_perms_all_clear
 .text.z_dump_object_error
                0x0000000000007530      0x150 kernel/libkernel.a(userspace.c.obj)
                0x0000000000007530                z_dump_object_error
 .text.z_object_validate
                0x0000000000007680       0x74 kernel/libkernel.a(userspace.c.obj)
                0x0000000000007680                z_object_validate
 .text.z_user_from_copy
                0x00000000000076f4       0x80 kernel/libkernel.a(userspace.c.obj)
                0x00000000000076f4                z_user_from_copy
 .text.z_user_string_copy
                0x0000000000007774       0xac kernel/libkernel.a(userspace.c.obj)
                0x0000000000007774                z_user_string_copy
 .text.z_thread_malloc
                0x0000000000007820       0x2c kernel/libkernel.a(mempool.c.obj)
                0x0000000000007820                z_thread_malloc
 .text.z_mrsh_k_object_access_grant
                0x000000000000784c       0xc0 kernel/libkernel.a(userspace_handler.c.obj)
                0x000000000000784c                z_mrsh_k_object_access_grant
 .text.z_mrsh_k_object_release
                0x000000000000790c       0x68 kernel/libkernel.a(userspace_handler.c.obj)
                0x000000000000790c                z_mrsh_k_object_release
 .text.z_mrsh_k_object_alloc
                0x0000000000007974       0x64 kernel/libkernel.a(userspace_handler.c.obj)
                0x0000000000007974                z_mrsh_k_object_alloc
 .text.statics_init
                0x00000000000079d8       0x24 kernel/libkernel.a(kheap.c.obj)
 .text.arch_is_user_context
                0x00000000000079fc       0x14 ../app/libapp.a(led.c.obj)
 .text.gpio_port_clear_bits_raw
                0x0000000000007a10       0x22 ../app/libapp.a(led.c.obj)
 .text.device_get_binding
                0x0000000000007a32       0x20 ../app/libapp.a(led.c.obj)
 .text.gpio_pin_configure.constprop.0
                0x0000000000007a52       0x48 ../app/libapp.a(led.c.obj)
 .text.gpio_port_set_bits_raw
                0x0000000000007a9a       0x22 ../app/libapp.a(led.c.obj)
 .text.arch_is_user_context
                0x0000000000007abc       0x14 ../app/libapp.a(main.c.obj)
 .text.SetLed   0x0000000000007ad0       0x34 ../app/libapp.a(main.c.obj)
 .text.k_sleep  0x0000000000007b04       0x20 ../app/libapp.a(main.c.obj)
 .text.blinky   0x0000000000007b24       0x28 ../app/libapp.a(main.c.obj)
                0x0000000000007b24                blinky
 .text.arch_is_user_context
                0x0000000000007b4c       0x14 libzephyr.a(printk.c.obj)
 .text.arch_printk_char_out
                0x0000000000007b60        0x4 libzephyr.a(printk.c.obj)
                0x0000000000007b60                arch_printk_char_out
 .text.print_err
                0x0000000000007b64       0x1c libzephyr.a(printk.c.obj)
 .text.str_out  0x0000000000007b80       0x26 libzephyr.a(printk.c.obj)
 .text.buf_flush
                0x0000000000007ba6       0x28 libzephyr.a(printk.c.obj)
 .text.buf_char_out
                0x0000000000007bce       0x22 libzephyr.a(printk.c.obj)
 .text.printk   0x0000000000007bf0       0x1a libzephyr.a(printk.c.obj)
                0x0000000000007bf0                printk
 .text.snprintk
                0x0000000000007c0a       0x1a libzephyr.a(printk.c.obj)
                0x0000000000007c0a                snprintk
 .text.z_thread_entry
                0x0000000000007c24       0x3c libzephyr.a(thread_entry.c.obj)
                0x0000000000007c24                z_thread_entry
 .text.chunk_field
                0x0000000000007c60       0x18 libzephyr.a(heap.c.obj)
 .text.chunk_set
                0x0000000000007c78       0x1a libzephyr.a(heap.c.obj)
 .text.right_chunk
                0x0000000000007c92       0x14 libzephyr.a(heap.c.obj)
 .text.free_list_remove
                0x0000000000007ca6       0x66 libzephyr.a(heap.c.obj)
 .text.free_list_add
                0x0000000000007d0c       0x9a libzephyr.a(heap.c.obj)
 .text.split_alloc
                0x0000000000007da6       0xca libzephyr.a(heap.c.obj)
 .text.sys_heap_free
                0x0000000000007e70      0x166 libzephyr.a(heap.c.obj)
                0x0000000000007e70                sys_heap_free
 .text.sys_heap_alloc
                0x0000000000007fd6       0xb0 libzephyr.a(heap.c.obj)
                0x0000000000007fd6                sys_heap_alloc
 .text.sys_heap_init
                0x0000000000008086       0x88 libzephyr.a(heap.c.obj)
                0x0000000000008086                sys_heap_init
 .text.arch_is_user_context
                0x000000000000810e       0x14 libzephyr.a(mutex.c.obj)
 .text.z_impl_z_sys_mutex_kernel_lock
                0x0000000000008122       0x40 libzephyr.a(mutex.c.obj)
                0x0000000000008122                z_impl_z_sys_mutex_kernel_lock
 .text._ConfigAbsSyms
                0x0000000000008162        0x2 libzephyr.a(configs.c.obj)
                0x0000000000008162                _ConfigAbsSyms
 .text.log_list_init
                0x0000000000008164        0x8 libzephyr.a(log_list.c.obj)
                0x0000000000008164                log_list_init
 .text.log_list_add_tail
                0x000000000000816c       0x14 libzephyr.a(log_list.c.obj)
                0x000000000000816c                log_list_add_tail
 .text.log_list_head_peek
                0x0000000000008180        0x4 libzephyr.a(log_list.c.obj)
                0x0000000000008180                log_list_head_peek
 .text.log_list_head_get
                0x0000000000008184        0xc libzephyr.a(log_list.c.obj)
                0x0000000000008184                log_list_head_get
 .text.arch_is_user_context
                0x0000000000008190       0x14 libzephyr.a(log_core.c.obj)
 .text.z_log_msg_std_alloc
                0x00000000000081a4       0x12 libzephyr.a(log_core.c.obj)
 .text.k_cycle_get_32_wrapper
                0x00000000000081b6        0x4 libzephyr.a(log_core.c.obj)
 .text.dummy_timestamp
                0x00000000000081ba        0x4 libzephyr.a(log_core.c.obj)
 .text.log_process_thread_timer_expiry_fn
                0x00000000000081be        0x4 libzephyr.a(log_core.c.obj)
 .text.z_log_get_s_mask
                0x00000000000081c2       0x40 libzephyr.a(log_core.c.obj)
                0x00000000000081c2                z_log_get_s_mask
 .text.log_generic_from_user
                0x0000000000008202       0x32 libzephyr.a(log_core.c.obj)
                0x0000000000008202                log_generic_from_user
 .text.log_from_user
                0x0000000000008234       0x1a libzephyr.a(log_core.c.obj)
                0x0000000000008234                log_from_user
 .text.log_process.constprop.0
                0x000000000000824e       0x32 libzephyr.a(log_core.c.obj)
 .text.log_0    0x0000000000008280       0x1a libzephyr.a(log_core.c.obj)
                0x0000000000008280                log_0
 .text.log_1    0x000000000000829a       0x28 libzephyr.a(log_core.c.obj)
                0x000000000000829a                log_1
 .text.log_2    0x00000000000082c2       0x32 libzephyr.a(log_core.c.obj)
                0x00000000000082c2                log_2
 .text.log_3    0x00000000000082f4       0x38 libzephyr.a(log_core.c.obj)
                0x00000000000082f4                log_3
 .text.log_n    0x000000000000832c       0x16 libzephyr.a(log_core.c.obj)
                0x000000000000832c                log_n
 .text.log_hexdump
                0x0000000000008342       0x16 libzephyr.a(log_core.c.obj)
                0x0000000000008342                log_hexdump
 .text.log_hexdump_from_user
                0x0000000000008358       0x22 libzephyr.a(log_core.c.obj)
                0x0000000000008358                log_hexdump_from_user
 .text.log_msg_hexdump_data_op
                0x000000000000837a       0xa8 libzephyr.a(log_msg.c.obj)
 .text.log_msg_get
                0x0000000000008422       0x1a libzephyr.a(log_msg.c.obj)
                0x0000000000008422                log_msg_get
 .text.log_msg_nargs_get
                0x000000000000843c        0x6 libzephyr.a(log_msg.c.obj)
                0x000000000000843c                log_msg_nargs_get
 .text.log_msg_arg_get
                0x0000000000008442       0x3e libzephyr.a(log_msg.c.obj)
                0x0000000000008442                log_msg_arg_get
 .text.log_msg_put
                0x0000000000008480       0x26 libzephyr.a(log_msg.c.obj)
                0x0000000000008480                log_msg_put
 .text.log_msg_str_get
                0x00000000000084a6        0x4 libzephyr.a(log_msg.c.obj)
                0x00000000000084a6                log_msg_str_get
 .text.log_msg_create_n
                0x00000000000084aa       0xa8 libzephyr.a(log_msg.c.obj)
                0x00000000000084aa                log_msg_create_n
 .text.log_msg_hexdump_create
                0x0000000000008552       0xa6 libzephyr.a(log_msg.c.obj)
                0x0000000000008552                log_msg_hexdump_create
 .text.log_msg_hexdump_data_get
                0x00000000000085f8        0xe libzephyr.a(log_msg.c.obj)
                0x00000000000085f8                log_msg_hexdump_data_get
 .text.buffer_write
                0x0000000000008606       0x1a libzephyr.a(log_output.c.obj)
 .text.std_print
                0x0000000000008620      0x2ba libzephyr.a(log_output.c.obj)
 .text.log_output_flush
                0x00000000000088da       0x1a libzephyr.a(log_output.c.obj)
                0x00000000000088da                log_output_flush
 .text.out_func
                0x00000000000088f4       0x36 libzephyr.a(log_output.c.obj)
 .text.char_out
                0x000000000000892a       0x4a libzephyr.a(log_backend_uart.c.obj)
 .text.arch_is_user_context
                0x0000000000008974       0x14 libzephyr.a(log_backend_rtt.c.obj)
 .text.uart_poll_out
                0x0000000000008988       0x34 libzephyr.a(uart_console.c.obj)
 .text.arch_is_user_context
                0x00000000000089bc       0x14 libzephyr.a(nrf_power_clock.c.obj)
 .text.get_status
                0x00000000000089d0       0x1c libzephyr.a(nrf_power_clock.c.obj)
 .text.clock_stop
                0x00000000000089ec       0x5e libzephyr.a(nrf_power_clock.c.obj)
 .text.clock_async_start
                0x0000000000008a4a       0xcc libzephyr.a(nrf_power_clock.c.obj)
 .text.clock_start
                0x0000000000008b16        0x6 libzephyr.a(nrf_power_clock.c.obj)
 .text.clk_init
                0x0000000000008b1c       0x34 libzephyr.a(nrf_power_clock.c.obj)
 .text.z_clock_isr
                0x0000000000008b50        0x2 libzephyr.a(sys_clock_init.c.obj)
                0x0000000000008b50                z_clock_isr
 .text.z_clock_idle_exit
                0x0000000000008b52        0x2 libzephyr.a(sys_clock_init.c.obj)
                0x0000000000008b52                z_clock_idle_exit
 .text.SEGGER_RTT_Init
                0x0000000000008b54        0x4 libzephyr.a(SEGGER_RTT.c.obj)
                0x0000000000008b54                SEGGER_RTT_Init
 .text.rtt_init
                0x0000000000008b58        0xa libzephyr.a(SEGGER_RTT_zephyr.c.obj)
 .text.z_irq_spurious
                0x0000000000008b62        0x8 arch/arch/arm/core/aarch32/libarch__arm__core__aarch32.a(irq_manage.c.obj)
                0x0000000000008b62                z_irq_spurious
 .text.arch_is_user_context
                0x0000000000008b6a       0x14 arch/arch/arm/core/aarch32/libarch__arm__core__aarch32.a(fatal.c.obj)
 .text.z_do_kernel_oops
                0x0000000000008b7e       0x18 arch/arch/arm/core/aarch32/libarch__arm__core__aarch32.a(fatal.c.obj)
                0x0000000000008b7e                z_do_kernel_oops
 .text.arch_syscall_oops
                0x0000000000008b96       0x1c arch/arch/arm/core/aarch32/libarch__arm__core__aarch32.a(fatal.c.obj)
                0x0000000000008b96                arch_syscall_oops
 .text.z_arm_nmi
                0x0000000000008bb2        0xe arch/arch/arm/core/aarch32/libarch__arm__core__aarch32.a(nmi.c.obj)
                0x0000000000008bb2                z_arm_nmi
 .text.arch_is_user_context
                0x0000000000008bc0       0x14 arch/arch/arm/core/aarch32/cortex_m/libarch__arm__core__aarch32__cortex_m.a(fault.c.obj)
 .text.arch_is_user_context
                0x0000000000008bd4       0x14 arch/arch/arm/core/aarch32/cortex_m/mpu/libarch__arm__core__aarch32__cortex_m__mpu.a(arm_core_mpu.c.obj)
 .text.arch_mem_domain_max_partitions_get
                0x0000000000008be8        0xa arch/arch/arm/core/aarch32/cortex_m/mpu/libarch__arm__core__aarch32__cortex_m__mpu.a(arm_core_mpu.c.obj)
                0x0000000000008be8                arch_mem_domain_max_partitions_get
 .text.arch_buffer_validate
                0x0000000000008bf2        0x4 arch/arch/arm/core/aarch32/cortex_m/mpu/libarch__arm__core__aarch32__cortex_m__mpu.a(arm_core_mpu.c.obj)
                0x0000000000008bf2                arch_buffer_validate
 .text.arch_is_user_context
                0x0000000000008bf6       0x14 arch/arch/arm/core/aarch32/cortex_m/mpu/libarch__arm__core__aarch32__cortex_m__mpu.a(arm_mpu.c.obj)
 .text.strcpy   0x0000000000008c0a       0x14 lib/libc/minimal/liblib__libc__minimal.a(string.c.obj)
                0x0000000000008c0a                strcpy
 .text.strncpy  0x0000000000008c1e       0x26 lib/libc/minimal/liblib__libc__minimal.a(string.c.obj)
                0x0000000000008c1e                strncpy
 .text.strcmp   0x0000000000008c44       0x18 lib/libc/minimal/liblib__libc__minimal.a(string.c.obj)
                0x0000000000008c44                strcmp
 .text.memcpy   0x0000000000008c5c       0x56 lib/libc/minimal/liblib__libc__minimal.a(string.c.obj)
                0x0000000000008c5c                memcpy
 .text.memset   0x0000000000008cb2       0x46 lib/libc/minimal/liblib__libc__minimal.a(string.c.obj)
                0x0000000000008cb2                memset
 .text.arch_is_user_context
                0x0000000000008cf8       0x14 lib/libc/minimal/liblib__libc__minimal.a(stdout_console.c.obj)
 .text._stdout_hook_default
                0x0000000000008d0c        0x6 lib/libc/minimal/liblib__libc__minimal.a(stdout_console.c.obj)
 .text.z_platform_init
                0x0000000000008d12        0x4 soc/arm/nordic_nrf/nrf52/libsoc__arm__nordic_nrf__nrf52.a(soc.c.obj)
                0x0000000000008d12                z_platform_init
 .text.gpio_nrfx_port_get_raw
                0x0000000000008d16        0xe drivers/gpio/libdrivers__gpio.a(gpio_nrfx.c.obj)
 .text.gpio_nrfx_port_set_masked_raw
                0x0000000000008d24       0x16 drivers/gpio/libdrivers__gpio.a(gpio_nrfx.c.obj)
 .text.gpio_nrfx_port_set_bits_raw
                0x0000000000008d3a        0xc drivers/gpio/libdrivers__gpio.a(gpio_nrfx.c.obj)
 .text.gpio_nrfx_port_clear_bits_raw
                0x0000000000008d46        0xc drivers/gpio/libdrivers__gpio.a(gpio_nrfx.c.obj)
 .text.gpio_nrfx_port_toggle_bits
                0x0000000000008d52       0x12 drivers/gpio/libdrivers__gpio.a(gpio_nrfx.c.obj)
 .text.gpio_nrfx_manage_callback
                0x0000000000008d64       0x56 drivers/gpio/libdrivers__gpio.a(gpio_nrfx.c.obj)
 .text.fire_callbacks
                0x0000000000008dba       0x36 drivers/gpio/libdrivers__gpio.a(gpio_nrfx.c.obj)
 .text.check_level_trigger_pins
                0x0000000000008df0       0x4c drivers/gpio/libdrivers__gpio.a(gpio_nrfx.c.obj)
 .text.gpio_nrfx_pin_disable_callback
                0x0000000000008e3c       0x18 drivers/gpio/libdrivers__gpio.a(gpio_nrfx.c.obj)
 .text.cfg_level_pins
                0x0000000000008e54       0x48 drivers/gpio/libdrivers__gpio.a(gpio_nrfx.c.obj)
 .text.gpio_nrfx_pin_enable_callback
                0x0000000000008e9c       0x16 drivers/gpio/libdrivers__gpio.a(gpio_nrfx.c.obj)
 .text.arch_is_user_context
                0x0000000000008eb2       0x14 drivers/gpio/libdrivers__gpio.a(gpio_handlers.c.obj)
 .text.z_obj_validation_check.constprop.0
                0x0000000000008ec6       0x20 drivers/gpio/libdrivers__gpio.a(gpio_handlers.c.obj)
 .text.uart_nrfx_config_get
                0x0000000000008ee6       0x10 drivers/serial/libdrivers__serial.a(uart_nrfx_uart.c.obj)
 .text.uarte_nrfx_config_get
                0x0000000000008ef6       0x10 drivers/serial/libdrivers__serial.a(uart_nrfx_uarte.c.obj)
 .text.uarte_nrfx_err_check
                0x0000000000008f06        0xe drivers/serial/libdrivers__serial.a(uart_nrfx_uarte.c.obj)
 .text.uarte_nrfx_poll_in
                0x0000000000008f14       0x2e drivers/serial/libdrivers__serial.a(uart_nrfx_uarte.c.obj)
 .text.uarte_nrfx_poll_out
                0x0000000000008f42       0x8e drivers/serial/libdrivers__serial.a(uart_nrfx_uarte.c.obj)
 .text.arch_is_user_context
                0x0000000000008fd0       0x14 drivers/serial/libdrivers__serial.a(uart_handlers.c.obj)
 .text.z_obj_validation_check.constprop.0
                0x0000000000008fe4       0x20 drivers/serial/libdrivers__serial.a(uart_handlers.c.obj)
 .text.nrfx_busy_wait
                0x0000000000009004       0x28 ../modules/nordic/lib..__modules__hal__nordic.a(nrfx_glue.c.obj)
                0x0000000000009004                nrfx_busy_wait
 .text.arch_is_user_context
                0x000000000000902c       0x14 kernel/libkernel.a(fatal.c.obj)
 .text.arch_system_halt
                0x0000000000009040       0x12 kernel/libkernel.a(fatal.c.obj)
                0x0000000000009040                arch_system_halt
 .text.z_sys_power_save_idle_exit
                0x0000000000009052        0x4 kernel/libkernel.a(idle.c.obj)
                0x0000000000009052                z_sys_power_save_idle_exit
 .text.k_mem_slab_init
                0x0000000000009056       0x3a kernel/libkernel.a(mem_slab.c.obj)
                0x0000000000009056                k_mem_slab_init
 .text.arch_is_user_context
                0x0000000000009090       0x14 kernel/libkernel.a(mutex.c.obj)
 .text.z_obj_validation_check.constprop.0
                0x00000000000090a4       0x1e kernel/libkernel.a(mutex.c.obj)
 .text.z_impl_k_mutex_init
                0x00000000000090c2       0x14 kernel/libkernel.a(mutex.c.obj)
                0x00000000000090c2                z_impl_k_mutex_init
 .text.arch_is_user_context
                0x00000000000090d6       0x14 kernel/libkernel.a(queue.c.obj)
 .text.queue_insert
                0x00000000000090ea       0xba kernel/libkernel.a(queue.c.obj)
 .text.z_obj_validation_check.constprop.0
                0x00000000000091a4       0x1e kernel/libkernel.a(queue.c.obj)
 .text.z_queue_node_peek
                0x00000000000091c2       0x18 kernel/libkernel.a(queue.c.obj)
                0x00000000000091c2                z_queue_node_peek
 .text.z_impl_k_queue_init
                0x00000000000091da       0x12 kernel/libkernel.a(queue.c.obj)
                0x00000000000091da                z_impl_k_queue_init
 .text.z_impl_k_queue_cancel_wait
                0x00000000000091ec       0x36 kernel/libkernel.a(queue.c.obj)
                0x00000000000091ec                z_impl_k_queue_cancel_wait
 .text.z_impl_k_queue_alloc_append
                0x0000000000009222        0xa kernel/libkernel.a(queue.c.obj)
                0x0000000000009222                z_impl_k_queue_alloc_append
 .text.z_impl_k_queue_alloc_prepend
                0x000000000000922c        0xa kernel/libkernel.a(queue.c.obj)
                0x000000000000922c                z_impl_k_queue_alloc_prepend
 .text.arch_is_user_context
                0x0000000000009236       0x14 kernel/libkernel.a(sched.c.obj)
 .text.thread_obj_validate
                0x000000000000924a       0x28 kernel/libkernel.a(sched.c.obj)
 .text.z_obj_validation_check.constprop.0
                0x0000000000009272       0x20 kernel/libkernel.a(sched.c.obj)
 .text.z_find_first_thread_to_unpend
                0x0000000000009292       0x20 kernel/libkernel.a(sched.c.obj)
                0x0000000000009292                z_find_first_thread_to_unpend
 .text.z_unpend_thread_no_timeout
                0x00000000000092b2       0x32 kernel/libkernel.a(sched.c.obj)
                0x00000000000092b2                z_unpend_thread_no_timeout
 .text.z_reschedule
                0x00000000000092e4       0x16 kernel/libkernel.a(sched.c.obj)
                0x00000000000092e4                z_reschedule
 .text.z_reschedule_irqlock
                0x00000000000092fa       0x18 kernel/libkernel.a(sched.c.obj)
                0x00000000000092fa                z_reschedule_irqlock
 .text.z_reschedule_unlocked
                0x0000000000009312       0x14 kernel/libkernel.a(sched.c.obj)
 .text.z_unpend_thread
                0x0000000000009326       0x3a kernel/libkernel.a(sched.c.obj)
                0x0000000000009326                z_unpend_thread
 .text.z_priq_dumb_best
                0x0000000000009360       0x14 kernel/libkernel.a(sched.c.obj)
                0x0000000000009360                z_priq_dumb_best
 .text.z_ready_thread
                0x0000000000009374       0x20 kernel/libkernel.a(sched.c.obj)
                0x0000000000009374                z_ready_thread
 .text.z_thread_timeout
                0x0000000000009394       0x56 kernel/libkernel.a(sched.c.obj)
                0x0000000000009394                z_thread_timeout
 .text.z_remove_thread_from_ready_q
                0x00000000000093ea       0x20 kernel/libkernel.a(sched.c.obj)
                0x00000000000093ea                z_remove_thread_from_ready_q
 .text.add_to_waitq_locked
                0x000000000000940a       0x56 kernel/libkernel.a(sched.c.obj)
 .text.z_unpend_first_thread
                0x0000000000009460       0x5a kernel/libkernel.a(sched.c.obj)
                0x0000000000009460                z_unpend_first_thread
 .text.z_unpend_all
                0x00000000000094ba       0x20 kernel/libkernel.a(sched.c.obj)
                0x00000000000094ba                z_unpend_all
 .text.z_impl_k_wakeup
                0x00000000000094da       0x38 kernel/libkernel.a(sched.c.obj)
                0x00000000000094da                z_impl_k_wakeup
 .text.arch_is_user_context
                0x0000000000009512       0x14 kernel/libkernel.a(sem.c.obj)
 .text.z_obj_validation_check.constprop.0
                0x0000000000009526       0x1e kernel/libkernel.a(sem.c.obj)
 .text.z_impl_k_sem_init
                0x0000000000009544       0x1e kernel/libkernel.a(sem.c.obj)
                0x0000000000009544                z_impl_k_sem_init
 .text.arch_is_user_context
                0x0000000000009562       0x14 kernel/libkernel.a(thread.c.obj)
 .text.z_obj_validation_check
                0x0000000000009576       0x22 kernel/libkernel.a(thread.c.obj)
 .text.k_is_in_isr
                0x0000000000009598        0xc kernel/libkernel.a(thread.c.obj)
                0x0000000000009598                k_is_in_isr
 .text.z_impl_k_busy_wait
                0x00000000000095a4        0x4 kernel/libkernel.a(thread.c.obj)
                0x00000000000095a4                z_impl_k_busy_wait
 .text.z_impl_k_thread_name_set
                0x00000000000095a8        0x6 kernel/libkernel.a(thread.c.obj)
                0x00000000000095a8                z_impl_k_thread_name_set
 .text.k_thread_name_get
                0x00000000000095ae        0x4 kernel/libkernel.a(thread.c.obj)
                0x00000000000095ae                k_thread_name_get
 .text.z_impl_k_thread_create
                0x00000000000095b2       0x40 kernel/libkernel.a(thread.c.obj)
                0x00000000000095b2                z_impl_k_thread_create
 .text.z_abort_timeout
                0x00000000000095f2       0x2c kernel/libkernel.a(timeout.c.obj)
                0x00000000000095f2                z_abort_timeout
 .text.z_timeout_remaining
                0x000000000000961e       0x20 kernel/libkernel.a(timeout.c.obj)
                0x000000000000961e                z_timeout_remaining
 .text.z_get_next_timeout_expiry
                0x000000000000963e       0x20 kernel/libkernel.a(timeout.c.obj)
                0x000000000000963e                z_get_next_timeout_expiry
 .text.z_set_timeout_expiry
                0x000000000000965e       0x34 kernel/libkernel.a(timeout.c.obj)
                0x000000000000965e                z_set_timeout_expiry
 .text.z_tick_get_32
                0x0000000000009692        0x8 kernel/libkernel.a(timeout.c.obj)
                0x0000000000009692                z_tick_get_32
 .text.z_timeout_end_calc
                0x000000000000969a       0x52 kernel/libkernel.a(timeout.c.obj)
                0x000000000000969a                z_timeout_end_calc
 .text.arch_is_user_context
                0x00000000000096ec       0x14 kernel/libkernel.a(timer.c.obj)
 .text.z_obj_validation_check.constprop.0
                0x0000000000009700       0x20 kernel/libkernel.a(timer.c.obj)
 .text.k_timer_init
                0x0000000000009720       0x1a kernel/libkernel.a(timer.c.obj)
                0x0000000000009720                k_timer_init
 .text.z_impl_k_timer_stop
                0x000000000000973a       0x44 kernel/libkernel.a(timer.c.obj)
                0x000000000000973a                z_impl_k_timer_stop
 .text.z_impl_k_timer_status_get
                0x000000000000977e       0x22 kernel/libkernel.a(timer.c.obj)
                0x000000000000977e                z_impl_k_timer_status_get
 .text.z_impl_k_futex_wake
                0x00000000000097a0       0x5a kernel/libkernel.a(futex.c.obj)
                0x00000000000097a0                z_impl_k_futex_wake
 .text.z_impl_k_futex_wait
                0x00000000000097fa       0x66 kernel/libkernel.a(futex.c.obj)
                0x00000000000097fa                z_impl_k_futex_wait
 .text.k_mem_domain_add_thread
                0x0000000000009860       0x40 kernel/libkernel.a(mem_domain.c.obj)
                0x0000000000009860                k_mem_domain_add_thread
 .text.arch_is_user_context
                0x00000000000098a0       0x14 kernel/libkernel.a(userspace.c.obj)
 .text.unref_check
                0x00000000000098b4       0x36 kernel/libkernel.a(userspace.c.obj)
 .text.wordlist_cb
                0x00000000000098ea       0x38 kernel/libkernel.a(userspace.c.obj)
 .text.clear_perms_cb
                0x0000000000009922        0x4 kernel/libkernel.a(userspace.c.obj)
 .text.thread_index_get
                0x0000000000009926       0x12 kernel/libkernel.a(userspace.c.obj)
 .text.z_priv_stack_find
                0x0000000000009938        0xc kernel/libkernel.a(userspace.c.obj)
                0x0000000000009938                z_priv_stack_find
 .text.z_thread_perms_set
                0x0000000000009944       0x28 kernel/libkernel.a(userspace.c.obj)
                0x0000000000009944                z_thread_perms_set
 .text.z_thread_perms_clear
                0x000000000000996c       0x34 kernel/libkernel.a(userspace.c.obj)
                0x000000000000996c                z_thread_perms_clear
 .text.z_impl_k_object_access_grant
                0x00000000000099a0       0x16 kernel/libkernel.a(userspace.c.obj)
                0x00000000000099a0                z_impl_k_object_access_grant
 .text.z_object_init
                0x00000000000099b6       0x12 kernel/libkernel.a(userspace.c.obj)
                0x00000000000099b6                z_object_init
 .text.z_object_uninit
                0x00000000000099c8       0x12 kernel/libkernel.a(userspace.c.obj)
                0x00000000000099c8                z_object_uninit
 .text.k_mem_pool_malloc
                0x00000000000099da       0x30 kernel/libkernel.a(mempool.c.obj)
                0x00000000000099da                k_mem_pool_malloc
 .text.k_free   0x0000000000009a0a        0xa kernel/libkernel.a(mempool.c.obj)
                0x0000000000009a0a                k_free
 .text.arch_is_user_context
                0x0000000000009a14       0x14 kernel/libkernel.a(userspace_handler.c.obj)
 .text.validate_any_object
                0x0000000000009a28       0x24 kernel/libkernel.a(userspace_handler.c.obj)
 .text.k_heap_init
                0x0000000000009a4c       0x10 kernel/libkernel.a(kheap.c.obj)
                0x0000000000009a4c                k_heap_init
 .text.k_heap_alloc
                0x0000000000009a5c       0x86 kernel/libkernel.a(kheap.c.obj)
                0x0000000000009a5c                k_heap_alloc
 .text.k_heap_free
                0x0000000000009ae2       0x3a kernel/libkernel.a(kheap.c.obj)
                0x0000000000009ae2                k_heap_free
 .text.k_mem_pool_alloc
                0x0000000000009b1c       0x32 kernel/libkernel.a(kheap.c.obj)
                0x0000000000009b1c                k_mem_pool_alloc
 .text.k_mem_pool_free_id
                0x0000000000009b4e        0x8 kernel/libkernel.a(kheap.c.obj)
                0x0000000000009b4e                k_mem_pool_free_id
 .text._OffsetAbsSyms
                0x0000000000009b56        0x2 CMakeFiles/offsets.dir/arch/arm/core/offsets/offsets.c.obj
                0x0000000000009b56                _OffsetAbsSyms
 *(SORT_BY_ALIGNMENT(.gnu.linkonce.t.*))
 *(SORT_BY_ALIGNMENT(.glue_7t))
 .glue_7t       0x0000000000009b58        0x0 linker stubs
 *(SORT_BY_ALIGNMENT(.glue_7))
 .glue_7        0x0000000000009b58        0x0 linker stubs
 *(SORT_BY_ALIGNMENT(.vfp11_veneer))
 .vfp11_veneer  0x0000000000009b58        0x0 linker stubs
 *(SORT_BY_ALIGNMENT(.v4_bx))
 .v4_bx         0x0000000000009b58        0x0 linker stubs
                0x0000000000009b58                _image_text_end = .

.ARM.exidx      0x0000000000009b58        0x8
                0x0000000000009b58                __exidx_start = .
 *(SORT_BY_ALIGNMENT(.ARM.exidx*) SORT_BY_ALIGNMENT(gnu.linkonce.armexidx.*))
 .ARM.exidx     0x0000000000009b58        0x8 /home/rgujju/zephyr-sdk/arm-zephyr-eabi/bin/../lib/gcc/arm-zephyr-eabi/9.2.0/thumb/v7e-m/nofp/libgcc.a(_udivmoddi4.o)
                0x0000000000009b60                __exidx_end = .
                0x0000000000009b60                _image_rodata_start = .

initlevel       0x0000000000009b60       0x78
                0x0000000000009b60                __init_start = .
                0x0000000000009b60                __init_PRE_KERNEL_1_start = .
 *(SORT_BY_NAME(SORT_BY_ALIGNMENT(.init_PRE_KERNEL_1[0-9])))
 .init_PRE_KERNEL_10
                0x0000000000009b60        0x8 soc/arm/nordic_nrf/nrf52/libsoc__arm__nordic_nrf__nrf52.a(soc.c.obj)
 *(SORT_BY_NAME(SORT_BY_ALIGNMENT(.init_PRE_KERNEL_1[1-9][0-9])))
 .init_PRE_KERNEL_130
                0x0000000000009b68        0x8 libzephyr.a(SEGGER_RTT_zephyr.c.obj)
 .init_PRE_KERNEL_130
                0x0000000000009b70        0x8 kernel/libkernel.a(mem_slab.c.obj)
 .init_PRE_KERNEL_130
                0x0000000000009b78        0x8 kernel/libkernel.a(kheap.c.obj)
 .init_PRE_KERNEL_140